Archive member included because of file (symbol)

/home/wimma/bin/codesourcery/Sourcery_CodeBench_Lite_for_ARM_EABI/bin/../lib/gcc/arm-none-eabi/4.6.3/thumb2/libgcc.a(_aeabi_uldivmod.o)
                              Libraries/uC-CSP/LPC17xx/lpc17xx_uart.o (__aeabi_uldivmod)
/home/wimma/bin/codesourcery/Sourcery_CodeBench_Lite_for_ARM_EABI/bin/../lib/gcc/arm-none-eabi/4.6.3/thumb2/libgcc.a(bpabi.o)
                              /home/wimma/bin/codesourcery/Sourcery_CodeBench_Lite_for_ARM_EABI/bin/../lib/gcc/arm-none-eabi/4.6.3/thumb2/libgcc.a(_aeabi_uldivmod.o) (__gnu_uldivmod_helper)
/home/wimma/bin/codesourcery/Sourcery_CodeBench_Lite_for_ARM_EABI/bin/../lib/gcc/arm-none-eabi/4.6.3/thumb2/libgcc.a(_dvmd_tls.o)
                              /home/wimma/bin/codesourcery/Sourcery_CodeBench_Lite_for_ARM_EABI/bin/../lib/gcc/arm-none-eabi/4.6.3/thumb2/libgcc.a(_aeabi_uldivmod.o) (__aeabi_ldiv0)
/home/wimma/bin/codesourcery/Sourcery_CodeBench_Lite_for_ARM_EABI/bin/../lib/gcc/arm-none-eabi/4.6.3/thumb2/libgcc.a(_divdi3.o)
                              /home/wimma/bin/codesourcery/Sourcery_CodeBench_Lite_for_ARM_EABI/bin/../lib/gcc/arm-none-eabi/4.6.3/thumb2/libgcc.a(bpabi.o) (__divdi3)
/home/wimma/bin/codesourcery/Sourcery_CodeBench_Lite_for_ARM_EABI/bin/../lib/gcc/arm-none-eabi/4.6.3/thumb2/libgcc.a(_udivdi3.o)
                              /home/wimma/bin/codesourcery/Sourcery_CodeBench_Lite_for_ARM_EABI/bin/../lib/gcc/arm-none-eabi/4.6.3/thumb2/libgcc.a(bpabi.o) (__udivdi3)
/home/wimma/bin/codesourcery/Sourcery_CodeBench_Lite_for_ARM_EABI/bin/../lib/gcc/arm-none-eabi/4.6.3/thumb2/libgcc.a(_udivsi3.o)
                              /home/wimma/bin/codesourcery/Sourcery_CodeBench_Lite_for_ARM_EABI/bin/../lib/gcc/arm-none-eabi/4.6.3/thumb2/libgcc.a(_divdi3.o) (__aeabi_uidiv)
/home/wimma/bin/codesourcery/Sourcery_CodeBench_Lite_for_ARM_EABI/bin/../lib/gcc/arm-none-eabi/4.6.3/../../../../arm-none-eabi/lib/thumb2/libc.a(lib_a-reent.o)
                              Libraries/CM3/src/libnosys_gnu.o (errno)
/home/wimma/bin/codesourcery/Sourcery_CodeBench_Lite_for_ARM_EABI/bin/../lib/gcc/arm-none-eabi/4.6.3/../../../../arm-none-eabi/lib/thumb2/libc.a(lib_a-strcpy.o)
                              usb_app.o (strcpy)
/home/wimma/bin/codesourcery/Sourcery_CodeBench_Lite_for_ARM_EABI/bin/../lib/gcc/arm-none-eabi/4.6.3/../../../../arm-none-eabi/lib/thumb2/libc.a(lib_a-strlen.o)
                              usb_app.o (strlen)
/home/wimma/bin/codesourcery/Sourcery_CodeBench_Lite_for_ARM_EABI/bin/../lib/gcc/arm-none-eabi/4.6.3/../../../../arm-none-eabi/lib/thumb2/libc.a(lib_a-freer.o)
                              /home/wimma/bin/codesourcery/Sourcery_CodeBench_Lite_for_ARM_EABI/bin/../lib/gcc/arm-none-eabi/4.6.3/../../../../arm-none-eabi/lib/thumb2/libc.a(lib_a-reent.o) (_free_r)
/home/wimma/bin/codesourcery/Sourcery_CodeBench_Lite_for_ARM_EABI/bin/../lib/gcc/arm-none-eabi/4.6.3/../../../../arm-none-eabi/lib/thumb2/libc.a(lib_a-impure.o)
                              /home/wimma/bin/codesourcery/Sourcery_CodeBench_Lite_for_ARM_EABI/bin/../lib/gcc/arm-none-eabi/4.6.3/../../../../arm-none-eabi/lib/thumb2/libc.a(lib_a-reent.o) (_impure_ptr)
/home/wimma/bin/codesourcery/Sourcery_CodeBench_Lite_for_ARM_EABI/bin/../lib/gcc/arm-none-eabi/4.6.3/../../../../arm-none-eabi/lib/thumb2/libc.a(lib_a-mallocr.o)
                              /home/wimma/bin/codesourcery/Sourcery_CodeBench_Lite_for_ARM_EABI/bin/../lib/gcc/arm-none-eabi/4.6.3/../../../../arm-none-eabi/lib/thumb2/libc.a(lib_a-freer.o) (__malloc_current_mallinfo)
/home/wimma/bin/codesourcery/Sourcery_CodeBench_Lite_for_ARM_EABI/bin/../lib/gcc/arm-none-eabi/4.6.3/../../../../arm-none-eabi/lib/thumb2/libc.a(lib_a-mlock.o)
                              /home/wimma/bin/codesourcery/Sourcery_CodeBench_Lite_for_ARM_EABI/bin/../lib/gcc/arm-none-eabi/4.6.3/../../../../arm-none-eabi/lib/thumb2/libc.a(lib_a-freer.o) (__malloc_lock)
/home/wimma/bin/codesourcery/Sourcery_CodeBench_Lite_for_ARM_EABI/bin/../lib/gcc/arm-none-eabi/4.6.3/../../../../arm-none-eabi/lib/thumb2/libc.a(lib_a-sbrkr.o)
                              /home/wimma/bin/codesourcery/Sourcery_CodeBench_Lite_for_ARM_EABI/bin/../lib/gcc/arm-none-eabi/4.6.3/../../../../arm-none-eabi/lib/thumb2/libc.a(lib_a-freer.o) (_sbrk_r)

Allocating common symbols
Common symbol       size              file

com_context         0x10              usb_app.o
OSSchedLockNestingCtr
                    0x1               Libraries/uC-OSIII/os_var.o
OS_AppTaskReturnHookPtr
                    0x4               Libraries/uC-OSIII/os_var.o
OSStatTaskTimeMax   0x4               Libraries/uC-OSIII/os_var.o
OSStatTaskCtr       0x4               Libraries/uC-OSIII/os_var.o
OSRunning           0x1               Libraries/uC-OSIII/os_var.o
OSRdyList           0x300             Libraries/uC-OSIII/os_var.o
OSIntQInPtr         0x4               Libraries/uC-OSIII/os_var.o
OSPrioHighRdy       0x1               Libraries/uC-OSIII/os_var.o
[...]
Memory Configuration

Name             Origin             Length             Attributes
rom              0x00000000         0x00080000         xr
ram              0x10000000         0x00008000         xrw
ethram           0x2007c000         0x00004000         rw
ethram_buf       0x20080000         0x00004000         rw
*default*        0x00000000         0xffffffff

Linker script and memory map

LOAD usb_app.o
LOAD Libraries/uC-CPU/os_cpu_c.o
LOAD Libraries/uC-CPU/cpu_c.o
LOAD Libraries/uC-CPU/cpu_core.o
LOAD Libraries/BSP/LCD/Images/img_tbl.o
LOAD Libraries/BSP/LCD/Images/img_nxp_logo.o
LOAD Libraries/BSP/LCD/Images/img_os_logo.o
LOAD Libraries/BSP/LCD/Images/img_micirum_logo.o
LOAD Libraries/BSP/LCD/Images/img_keil_logo.o
LOAD Libraries/BSP/LCD/Fonts/font_terminal_8x8.o
LOAD Libraries/BSP/LCD/Fonts/font_tbl.o
LOAD Libraries/BSP/LCD/Fonts/font_comic_18x18.o
LOAD Libraries/BSP/LCD/Fonts/font_swiss_16x16.o
LOAD Libraries/BSP/LCD/bsp_lcd.o
LOAD Libraries/BSP/cpu_bsp.o
LOAD Libraries/BSP/bsp.o
LOAD Libraries/CM3/src/hw_timer.o
LOAD Libraries/CM3/src/core_cm3.o
LOAD Libraries/CM3/src/lpc17xx_nvic.o
LOAD Libraries/CM3/src/system_LPC17xx.o
LOAD Libraries/CM3/src/libnosys_gnu.o
LOAD Libraries/CM3/src/NVICInit.o
LOAD Libraries/uC-LIB/lib_math.o
LOAD Libraries/uC-LIB/lib_ascii.o
LOAD Libraries/uC-LIB/lib_str.o
LOAD Libraries/uC-LIB/lib_mem.o
LOAD Libraries/uC-OSIII/os_prio.o
LOAD Libraries/uC-OSIII/os_tmr.o
LOAD Libraries/uC-OSIII/os_var.o
LOAD Libraries/uC-OSIII/os_pend_multi.o
LOAD Libraries/uC-OSIII/os_task.o
LOAD Libraries/uC-OSIII/os_time.o
LOAD Libraries/uC-OSIII/os_sem.o
LOAD Libraries/uC-OSIII/os_flag.o
LOAD Libraries/uC-OSIII/os_stat.o
LOAD Libraries/uC-OSIII/os_cfg_app.o
LOAD Libraries/uC-OSIII/os_mutex.o
LOAD Libraries/uC-OSIII/os_q.o
LOAD Libraries/uC-OSIII/os_dbg.o
LOAD Libraries/uC-OSIII/os_core.o
LOAD Libraries/uC-OSIII/os_tick.o
LOAD Libraries/uC-OSIII/os_msg.o
LOAD Libraries/uC-OSIII/os_mem.o
LOAD Libraries/uC-OSIII/os_int.o
LOAD Libraries/CFG/os_app_hooks.o
LOAD Libraries/serial_lite/os_serial_lite.o
LOAD Libraries/uC-CSP/os_csp.o
LOAD Libraries/uC-CSP/csp.o
LOAD Libraries/uC-CSP/LPC17xx/lpc17xx_clkpwr.o
LOAD Libraries/uC-CSP/LPC17xx/csp_gpio.o
LOAD Libraries/uC-CSP/LPC17xx/csp_tmr.o
LOAD Libraries/uC-CSP/LPC17xx/lpc17xx_pinsel.o
LOAD Libraries/uC-CSP/LPC17xx/lpc17xx_gpio.o
LOAD Libraries/uC-CSP/LPC17xx/lpc17xx_emac.o
LOAD Libraries/uC-CSP/LPC17xx/lpc17xx_uart.o
LOAD Libraries/uC-CSP/LPC17xx/lpc17xx_ssp.o
LOAD Libraries/uC-CSP/LPC17xx/csp_int.o
LOAD Libraries/uC-CSP/LPC17xx/csp_pm.o
LOAD Libraries/uC-CSP/LPC17xx/csp_dma.o
LOAD Libraries/uC-CSP/LPC17xx/USB/src/intenable.o
LOAD Libraries/uC-CSP/LPC17xx/USB/src/usbcontrol.o
LOAD Libraries/uC-CSP/LPC17xx/USB/src/usbhw_lpc.o
LOAD Libraries/uC-CSP/LPC17xx/USB/src/usbinit.o
LOAD Libraries/uC-CSP/LPC17xx/USB/src/usblibs.o
LOAD Libraries/uC-CSP/LPC17xx/USB/src/usbstdreq.o
LOAD Libraries/CM3/src/startup_LPC17xx.o
LOAD Libraries/uC-CPU/cpu_a.o
LOAD Libraries/uC-CPU/os_cpu_a.o
START GROUP
LOAD /home/wimma/bin/codesourcery/Sourcery_CodeBench_Lite_for_ARM_EABI/bin/../lib/gcc/arm-none-eabi/4.6.3/thumb2/libgcc.a
LOAD /home/wimma/bin/codesourcery/Sourcery_CodeBench_Lite_for_ARM_EABI/bin/../lib/gcc/arm-none-eabi/4.6.3/../../../../arm-none-eabi/lib/thumb2/libc.a
END GROUP
                0x10008000                PROVIDE (__cs3_stack, (__cs3_region_start_ram + __cs3_region_size_ram))
                0x20002e48                PROVIDE (__cs3_stack_size, ((__cs3_region_start_ram + __cs3_region_size_ram) - _end))
                0x10005bd8                PROVIDE (__cs3_heap_start, _end)
                0x10008000                PROVIDE (__cs3_heap_end, (__cs3_region_start_ram + __cs3_region_size_ram))

privileged_functions
                0x00000000      0x400
                0x00000000                __cs3_region_start_rom = .
 *(.cs3.region-head.rom)
                0x00000000                __cs3_interrupt_vector = __cs3_interrupt_vector_cortex_m
 *(.cs3.interrupt_vector)
 .cs3.interrupt_vector
                0x00000000       0x40 Libraries/CM3/src/startup_LPC17xx.o
                0x00000000                __cs3_interrupt_vector_cortex_m
                0x00000001                ASSERT ((. != __cs3_interrupt_vector_cortex_m), No interrupt vector)
 *(.rom)
 *(.rom.b)
 *(privileged_functions)
                0x00000400                . = 0x400
 *fill*         0x00000040      0x3c0 00

.text           0x00000400    0x2c814
                0x00000400                __cs3_reset = __cs3_reset_cortex_m
 *(.cs3.reset)
 .cs3.reset     0x00000400       0x50 Libraries/CM3/src/startup_LPC17xx.o
                0x00000400                __cs3_reset_cortex_m
                0x00000444                NMI_Handler
                0x00000446                HardFault_Handler
                0x00000448                MemManage_Handler
                0x0000044a                BusFault_Handler
                0x0000044c                UsageFault_Handler
                0x00000001                ASSERT ((. != __cs3_reset), No reset code)
 *(.text .text.* .gnu.linkonce.t.*)
 .text          0x00000450      0x308 usb_app.o
                0x00000450                main
 .text          0x00000758      0x458 Libraries/uC-CPU/os_cpu_c.o
                0x00000758                OSIdleTaskHook
                0x00000778                OSInitHook
                0x000007ec                OSStatTaskHook
                0x0000080c                OSTaskCreateHook
                0x00000838                OSTaskDelHook
                0x00000864                OSTaskReturnHook
                0x00000890                OSTaskStkInit
                0x000009b8                OSTaskSwHook
                0x00000ad0                OSTimeTickHook
                0x00000af0                OS_CPU_SysTickHandler
                0x00000b3c                OS_CPU_SysTickInit
 .text          0x00000bb0      0xaac Libraries/uC-CPU/cpu_c.o
                0x00000bb0                CPU_BitBandClr
                0x00000c38                CPU_BitBandSet
                0x00000cc0                CPU_IntSrcDis
                0x00000e6c                CPU_IntSrcEn
                0x00001018                CPU_IntSrcPendClr
                0x000010ec                CPU_IntSrcPrioSet
                0x000013f0                CPU_IntSrcPrioGet
 .text          0x0000165c      0x4a0 Libraries/uC-CPU/cpu_core.o
                0x0000165c                CPU_Init
                0x00001670                CPU_SW_Exception
                0x00001678                CPU_NameClr
                0x000016b0                CPU_NameGet
                0x00001710                CPU_NameSet
                0x0000178c                CPU_TS_Get32
                0x000017a4                CPU_TS_Update
                0x000017b0                CPU_TS_TmrFreqGet
                0x000017f0                CPU_TS_TmrFreqSet
                0x00001810                CPU_IntDisMeasMaxCurReset
                0x00001848                CPU_IntDisMeasMaxCurGet
                0x00001880                CPU_IntDisMeasMaxGet
                0x000018b8                CPU_IntDisMeasStart
                0x00001910                CPU_IntDisMeasStop
 .text          0x00001afc        0x0 Libraries/BSP/LCD/Images/img_tbl.o
 .text          0x00001afc        0x0 Libraries/BSP/LCD/Images/img_nxp_logo.o
 .text          0x00001afc        0x0 Libraries/BSP/LCD/Images/img_os_logo.o
 .text          0x00001afc        0x0 Libraries/BSP/LCD/Images/img_micirum_logo.o
 .text          0x00001afc        0x0 Libraries/BSP/LCD/Images/img_keil_logo.o
 .text          0x00001afc        0x0 Libraries/BSP/LCD/Fonts/font_terminal_8x8.o
 .text          0x00001afc        0x0 Libraries/BSP/LCD/Fonts/font_tbl.o
 .text          0x00001afc        0x0 Libraries/BSP/LCD/Fonts/font_comic_18x18.o
 .text          0x00001afc        0x0 Libraries/BSP/LCD/Fonts/font_swiss_16x16.o
 .text          0x00001afc     0x17d4 Libraries/BSP/LCD/bsp_lcd.o
                0x00001afc                BSP_LCD_Init
                0x000020ec                BSP_LCD_Clr
                0x000021e0                BSP_LCD_BG_ColorSet
                0x00002208                BSP_LCD_ImgDraw
                0x00002248                BSP_LCD_ImgTblSet
                0x00002278                BSP_LCD_ImgGetByName
                0x00002324                BSP_LCD_TextColorSet
                0x0000234c                BSP_LCD_TextLineClr
                0x000024a4                BSP_LCD_TextDispStr
                0x000024d0                BSP_LCD_TextDispStr_N
                0x00002628                BSP_LCD_TextDispChar
                0x00002720                BSP_LCD_TextFontTblSet
                0x00002750                BSP_LCD_TextFontGetByName
                0x000027fc                BSP_LCD_TextFontSet
                0x00002898                BSP_LCD_BarGraphDraw
                0x00002a04                BSP_LCD_BitmapDraw
                0x00002a34                BSP_LCD_RectDraw
                0x00002a74                BSP_LCD_RectDrawFill
                0x00002ab4                BSP_LCD_RectDrawFillLine
                0x00002af0                BSP_LCD_Pixel
                0x00002bd0                BSP_LCD_BackLightOff
                0x00002be4                BSP_LCD_BackLightOn
                0x00002bf8                BSP_LCD_BackLightToggle
 .text          0x000032d0       0x8c Libraries/BSP/cpu_bsp.o
                0x000032d0                CPU_TS_TmrInit
                0x0000331c                CPU_TS_TmrRd
                0x0000333c                CPU_TS32_to_uSec
 .text          0x0000335c      0x454 Libraries/BSP/bsp.o
                0x0000335c                BSP_LowLevelInit
                0x00003368                BSP_PreInit
                0x00003380                BSP_PostInit
 .text          0x000037b0       0xdc Libraries/CM3/src/hw_timer.o
                0x000037b0                TimerInit
                0x00003838                TimerStart
                0x00003854                TimerResetStop
                0x00003870                TimerClrIRFlag
 .text          0x0000388c        0x0 Libraries/CM3/src/core_cm3.o
 .text          0x0000388c      0x158 Libraries/CM3/src/lpc17xx_nvic.o
                0x0000388c                NVIC_DeInit
                0x00003908                NVIC_SCBDeInit
                0x000039c4                NVIC_SetVTOR
 .text          0x000039e4      0x454 Libraries/CM3/src/system_LPC17xx.o
                0x000039e4                SystemCoreClockUpdate
                0x00003bf8                SystemInit
 .text          0x00003e38      0x298 Libraries/CM3/src/libnosys_gnu.o
                0x00003e38                _close
                0x00003e50                _execve
                0x00003e7c                _exit
                0x00003e8c                _fork
                0x00003eac                _fstat
                0x00003ed0                _getpid
                0x00003ee0                _kill
                0x00003f08                isatty
                0x00003f20                _isatty
                0x00003f38                _link
                0x00003f60                _lseek
                0x00003f7c                _open
                0x00003f98                _read
                0x00003fb4                _sbrk
                0x00004028                _stat
                0x0000404c                _times
                0x00004064                _unlink
                0x0000408c                _wait
                0x000040b4                _write
 .text          0x000040d0       0x74 Libraries/CM3/src/NVICInit.o
                0x00004120                NVICInit
 .text          0x00004144       0xc8 Libraries/uC-LIB/lib_math.o
                0x00004144                Math_Init
                0x00004154                Math_RandSetSeed
                0x0000418c                Math_Rand
                0x000041d8                Math_RandSeed
 .text          0x0000420c      0x48c Libraries/uC-LIB/lib_ascii.o
                0x0000420c                ASCII_IsAlpha
                0x00004264                ASCII_IsAlphaNum
                0x000042e4                ASCII_IsLower
                0x00004314                ASCII_IsUpper
                0x00004344                ASCII_IsDig
                0x00004374                ASCII_IsDigOct
                0x000043a4                ASCII_IsDigHex
                0x000043ec                ASCII_IsBlank
                0x0000441c                ASCII_IsSpace
                0x00004464                ASCII_IsPrint
                0x00004494                ASCII_IsGraph
                0x000044c4                ASCII_IsPunct
                0x000045a0                ASCII_IsCtrl
                0x000045d8                ASCII_ToLower
                0x00004618                ASCII_ToUpper
                0x00004658                ASCII_Cmp
 .text          0x00004698      0xeac Libraries/uC-LIB/lib_str.o
                0x00004698                Str_Len
                0x000046b8                Str_Len_N
                0x00004704                Str_Copy
                0x00004728                Str_Copy_N
                0x000047c8                Str_Cat
                0x000047ec                Str_Cat_N
                0x000048b4                Str_Cmp
                0x000048dc                Str_Cmp_N
                0x00004a14                Str_CmpIgnoreCase
                0x00004a3c                Str_CmpIgnoreCase_N
                0x00004bd0                Str_Char
                0x00004bf8                Str_Char_N
                0x00004c94                Str_Char_Last
                0x00004cbc                Str_Char_Last_N
                0x00004d44                Str_Str
                0x00004d68                Str_Str_N
                0x00004e6c                Str_FmtNbr_Int32U
                0x00004eac                Str_FmtNbr_Int32S
                0x00004f08                Str_ParseNbr_Int32U
                0x00004f3c                Str_ParseNbr_Int32S
 .text          0x00005544      0xbc8 Libraries/uC-LIB/lib_mem.o
                0x00005544                Mem_Init
                0x000055f4                Mem_Clr
                0x00005614                Mem_Set
                0x000056f8                Mem_Copy
                0x00005800                Mem_Cmp
                0x00005958                Mem_HeapAlloc
                0x00005a28                Mem_PoolClr
                0x00005ae0                Mem_PoolCreate
                0x00005ee8                Mem_PoolBlkGet
                0x00005f88                Mem_PoolBlkFree
 .text          0x0000610c      0x144 Libraries/uC-OSIII/os_prio.o
                0x0000610c                OS_PrioInit
                0x0000614c                OS_PrioGetHighest
                0x0000619c                OS_PrioInsert
                0x000061f4                OS_PrioRemove
 .text          0x00006250      0xd50 Libraries/uC-OSIII/os_tmr.o
                0x00006250                OSTmrCreate
                0x00006364                OSTmrDel
                0x00006484                OSTmrRemainGet
                0x000065c8                OSTmrStart
                0x000066d0                OSTmrStateGet
                0x00006774                OSTmrStop
                0x000068d8                OS_TmrClr
                0x00006954                OS_TmrDbgListAdd
                0x000069b0                OS_TmrDbgListRemove
                0x00006a2c                OS_TmrInit
                0x00006bd8                OS_TmrLink
                0x00006d74                OS_TmrResetPeak
                0x00006db8                OS_TmrUnlink
                0x00006e64                OS_TmrTask
 .text          0x00006fa0        0x0 Libraries/uC-OSIII/os_var.o
 .text          0x00006fa0      0x4b8 Libraries/uC-OSIII/os_pend_multi.o
                0x00006fa0                OSPendMulti
                0x000071c8                OS_PendMultiGetRdy
                0x000072dc                OS_PendMultiValidate
                0x00007374                OS_PendMultiWait
 .text          0x00007458     0x222c Libraries/uC-OSIII/os_task.o
                0x00007458                OSTaskChangePrio
                0x00007678                OSTaskCreate
                0x000079d8                OSTaskDel
                0x00007c1c                OSTaskQFlush
                0x00007d3c                OSTaskQPend
                0x00008030                OSTaskQPendAbort
                0x00008164                OSTaskQPost
                0x000081c8                OSTaskRegGet
                0x00008238                OSTaskRegSet
                0x000082a4                OSTaskResume
                0x000084ac                OSTaskSemPend
                0x00008778                OSTaskSemPendAbort
                0x000088c0                OSTaskSemPost
                0x00008930                OSTaskSemSet
                0x000089a4                OSTaskStkChk
                0x00008abc                OSTaskSuspend
                0x00008ccc                OSTaskTimeQuantaSet
                0x00008d68                OS_TaskDbgListAdd
                0x00008dcc                OS_TaskDbgListRemove
                0x00008e5c                OS_TaskInit
                0x00008ea0                OS_TaskInitTCB
                0x000090b0                OS_TaskQPost
                0x0000933c                OS_TaskReturn
                0x00009368                OS_TaskSemPost
 .text          0x00009684      0x7a8 Libraries/uC-OSIII/os_time.o
                0x00009684                OSTimeDly
                0x00009830                OSTimeDlyHMSM
                0x00009b0c                OSTimeDlyResume
                0x00009d40                OSTimeGet
                0x00009d84                OSTimeSet
                0x00009dc4                OSTimeTick
 .text          0x00009e2c      0xaa8 Libraries/uC-OSIII/os_sem.o
                0x00009e2c                OSSemCreate
                0x00009ed8                OSSemDel
                0x0000a0ac                OSSemPend
                0x0000a338                OSSemPendAbort
                0x0000a4bc                OSSemPost
                0x0000a55c                OSSemSet
                0x0000a604                OS_SemClr
                0x0000a648                OS_SemDbgListAdd
                0x0000a6b0                OS_SemDbgListRemove
                0x0000a72c                OS_SemInit
                0x0000a764                OS_SemPost
 .text          0x0000a8d4     0x1328 Libraries/uC-OSIII/os_flag.o
                0x0000a8d4                OSFlagCreate
                0x0000aa18                OSFlagDel
                0x0000ad2c                OSFlagPend
                0x0000b45c                OSFlagPendAbort
                0x0000b5e0                OSFlagPendGetFlagsRdy
                0x0000b640                OSFlagPost
                0x0000b700                OS_FlagBlock
                0x0000b754                OS_FlagClr
                0x0000b794                OS_FlagInit
                0x0000b7cc                OS_FlagDbgListAdd
                0x0000b834                OS_FlagDbgListRemove
                0x0000b8b0                OS_FlagPost
                0x0000bb70                OS_FlagTaskRdy
 .text          0x0000bbfc      0x738 Libraries/uC-OSIII/os_stat.o
                0x0000bbfc                OSStatReset
                0x0000bd54                OSStatTaskCPUUsageInit
                0x0000be64                OS_StatTask
                0x0000c220                OS_StatTaskInit
 .text          0x0000c334      0x1ac Libraries/uC-OSIII/os_cfg_app.o
                0x0000c334                OSCfg_Init
 .text          0x0000c4e0      0xe84 Libraries/uC-OSIII/os_mutex.o
                0x0000c4e0                OSMutexCreate
                0x0000c5a0                OSMutexDel
                0x0000c99c                OSMutexPend
                0x0000cd70                OSMutexPendAbort
                0x0000cef4                OSMutexPost
                0x0000d1f0                OS_MutexClr
                0x0000d248                OS_MutexDbgListAdd
                0x0000d2b0                OS_MutexDbgListRemove
                0x0000d32c                OS_MutexInit
 .text          0x0000d364      0xc50 Libraries/uC-OSIII/os_q.o
                0x0000d364                OSQCreate
                0x0000d4bc                OSQDel
                0x0000d690                OSQFlush
                0x0000d7bc                OSQPend
                0x0000da88                OSQPendAbort
                0x0000dc0c                OSQPost
                0x0000dc9c                OS_QClr
                0x0000dcec                OS_QDbgListAdd
                0x0000dd54                OS_QDbgListRemove
                0x0000ddd0                OS_QInit
                0x0000de08                OS_QPost
 .text          0x0000dfb4      0x2d8 Libraries/uC-OSIII/os_dbg.o
                0x0000dfb4                OS_Dbg_Init
 .text          0x0000e28c     0x1778 Libraries/uC-OSIII/os_core.o
                0x0000e28c                OSInit
                0x0000e4bc                OSIntEnter
                0x0000e504                OSIntExit
                0x0000e620                OSSched
                0x0000e6f8                OSSchedLock
                0x0000e778                OSSchedUnlock
                0x0000e820                OSSchedRoundRobinCfg
                0x0000e8b4                OSSchedRoundRobinYield
                0x0000e9a8                OSStart
                0x0000ea54                OSVersion
                0x0000ea74                OS_IdleTask
                0x0000eacc                OS_IdleTaskInit
                0x0000eb50                OS_Pend
                0x0000ec04                OS_PendAbort
                0x0000ed0c                OS_PendAbort1
                0x0000ed60                OS_PendDataInit
                0x0000eddc                OS_PendDbgNameAdd
                0x0000ee60                OS_PendDbgNameRemove
                0x0000eeb4                OS_PendListChangePrio
                0x0000ef1c                OS_PendListInit
                0x0000ef48                OS_PendListInsertHead
                0x0000efa0                OS_PendListInsertPrio
                0x0000f094                OS_PendListRemove
                0x0000f0f0                OS_PendListRemove1
                0x0000f190                OS_PendObjDel
                0x0000f28c                OS_PendObjDel1
                0x0000f2e0                OS_Post
                0x0000f400                OS_Post1
                0x0000f460                OS_RdyListInit
                0x0000f4bc                OS_RdyListInsert
                0x0000f4fc                OS_RdyListInsertHead
                0x0000f590                OS_RdyListInsertTail
                0x0000f620                OS_RdyListMoveHeadToTail
                0x0000f6b8                OS_RdyListRemove
                0x0000f780                OS_Sched0
                0x0000f7f4                OS_SchedLockTimeMeasStart
                0x0000f818                OS_SchedLockTimeMeasStop
                0x0000f880                OS_SchedRoundRobin
                0x0000f980                OS_TaskBlock
                0x0000f9d8                OS_TaskRdy
 .text          0x0000fa04      0x7b8 Libraries/uC-OSIII/os_tick.o
                0x0000fa04                OS_TickTask
                0x0000fa40                OS_TickTaskInit
                0x0000faf4                OS_TickListInit
                0x0000fb50                OS_TickListInsert
                0x0000fdb4                OS_TickListRemove
                0x0000fe50                OS_TickListResetPeak
                0x0000fe9c                OS_TickListUpdate
 .text          0x000101bc      0x4dc Libraries/uC-OSIII/os_msg.o
                0x000101bc                OSMsgPoolExtend
                0x00010244                OS_MsgPoolCreate
                0x000102d8                OS_MsgPoolInit
                0x00010374                OS_MsgQEntriesPeakReset
                0x000103a8                OS_MsgQFreeAll
                0x00010448                OS_MsgQInit
                0x00010484                OS_MsgQGet
                0x00010574                OS_MsgQPut
 .text          0x00010698      0x384 Libraries/uC-OSIII/os_mem.o
                0x00010698                OSMemCreate
                0x0001086c                OSMemGet
                0x000108f4                OSMemPut
                0x00010988                OS_MemDbgListAdd
                0x000109e4                OS_MemInit
 .text          0x00010a1c      0x634 Libraries/uC-OSIII/os_int.o
                0x00010a1c                OS_IntQPost
                0x00010ba0                OS_IntQRePost
                0x00010da4                OS_IntQTask
                0x00010e84                OS_IntQTaskInit
 .text          0x00011050      0x1ac Libraries/CFG/os_app_hooks.o
                0x00011050                App_OS_SetAllHooks
                0x000110f8                App_OS_ClrAllHooks
                0x00011184                App_OS_TaskCreateHook
                0x00011198                App_OS_TaskDelHook
                0x000111ac                App_OS_TaskReturnHook
                0x000111c0                App_OS_IdleTaskHook
                0x000111cc                App_OS_InitHook
                0x000111d8                App_OS_StatTaskHook
                0x000111e4                App_OS_TaskSwHook
                0x000111f0                App_OS_TimeTickHook
 .text          0x000111fc      0x44c Libraries/serial_lite/os_serial_lite.o
                0x000111fc                os_serial_pincfg
                0x0001129c                os_serial_lite_tx_enable
                0x00011320                os_serial_lite_init
                0x000113d8                os_serial_sync_send
                0x00011530                os_serial_async_send
 .text          0x00011648       0x60 Libraries/uC-CSP/os_csp.o
                0x00011648                OS_CSP_TickInit
                0x00011674                OS_CPU_IntHandler
 .text          0x000116a8       0xd4 Libraries/uC-CSP/csp.o
                0x000116a8                CSP_IntVectClr
                0x000116dc                CSP_IntVectSet
                0x00011710                CSP_IntVectDeref
 .text          0x0001177c      0x29c Libraries/uC-CSP/LPC17xx/lpc17xx_clkpwr.o
                0x0001177c                CLKPWR_SetPCLKDiv
                0x00011840                CLKPWR_GetPCLKSEL
                0x00011894                CLKPWR_GetPCLK
                0x00011904                CLKPWR_ConfigPPWR
                0x00011978                CLKPWR_Sleep
                0x00011994                CLKPWR_DeepSleep
                0x000119c0                CLKPWR_PowerDown
                0x000119ec                CLKPWR_DeepPowerDown
 .text          0x00011a18      0xa50 Libraries/uC-CSP/LPC17xx/csp_gpio.o
                0x00011a18                CSP_GPIO_Init
                0x00011a24                CSP_GPIO_Cfg
                0x00012094                CSP_GPIO_BitClr
                0x000120e4                CSP_GPIO_BitSet
                0x00012134                CSP_GPIO_BitToggle
                0x000121d0                CSP_GPIO_Rd
                0x0001220c                CSP_GPIO_Wr
                0x00012264                CSP_GPIO_IntClr
 .text          0x00012468      0x628 Libraries/uC-CSP/LPC17xx/csp_tmr.o
                0x00012468                CSP_TmrInit
                0x00012518                CSP_TmrCfg
                0x00012664                CSP_TmrOutCmpCfg
                0x0001285c                CSP_TmrIntClr
                0x00012914                CSP_TmrRst
                0x00012964                CSP_TmrRd
                0x000129a0                CSP_TmrStart
                0x000129f0                CSP_TmrStop
                0x00012a40                CSP_TmrWr
 .text          0x00012a90      0x298 Libraries/uC-CSP/LPC17xx/lpc17xx_pinsel.o
                0x00012c44                PINSEL_ConfigTraceFunc
                0x00012c98                PINSEL_SetI2C0Pins
                0x00012cd4                PINSEL_ConfigPin
 .text          0x00012d28      0x890 Libraries/uC-CSP/LPC17xx/lpc17xx_gpio.o
                0x00012e9c                GPIO_SetDir
                0x00012ee8                GPIO_SetValue
                0x00012f14                GPIO_ClearValue
                0x00012f40                GPIO_ReadValue
                0x00012f70                GPIO_IntCmd
                0x00012ff4                GPIO_GetIntStatus
                0x000130ac                GPIO_ClearInt
                0x000130ec                FIO_SetDir
                0x00013114                FIO_SetValue
                0x00013134                FIO_ClearValue
                0x00013154                FIO_ReadValue
                0x00013174                FIO_IntCmd
                0x0001319c                FIO_GetIntStatus
                0x000131c8                FIO_ClearInt
                0x000131e8                FIO_SetMask
                0x00013234                FIO_HalfWordSetDir
                0x000132c8                FIO_HalfWordSetMask
                0x0001335c                FIO_HalfWordSetValue
                0x0001339c                FIO_HalfWordClearValue
                0x000133dc                FIO_HalfWordReadValue
                0x00013420                FIO_ByteSetDir
                0x0001348c                FIO_ByteSetMask
                0x00013500                FIO_ByteSetValue
                0x0001353c                FIO_ByteClearValue
                0x00013578                FIO_ByteReadValue
 .text          0x000135b8      0xb9c Libraries/uC-CSP/LPC17xx/lpc17xx_emac.o
                0x00013994                EMAC_Init
                0x00013b28                EMAC_DeInit
                0x00013b54                EMAC_CheckPHYStatus
                0x00013bc0                EMAC_SetPHYMode
                0x00013cac                EMAC_UpdatePHYStatus
                0x00013d64                EMAC_SetHashFilter
                0x00013e08                EMAC_SetFilterMode
                0x00013e58                EMAC_GetWoLStatus
                0x00013e90                EMAC_WritePacketBuffer
                0x00013f18                EMAC_ReadPacketBuffer
                0x00013f88                EMAC_IntCmd
                0x00013fd8                EMAC_IntGetStatus
                0x00014010                EMAC_CheckReceiveIndex
                0x0001403c                EMAC_CheckTransmitIndex
                0x00014074                EMAC_CheckReceiveDataStatus
                0x000140b0                EMAC_GetReceiveDataSize
                0x000140e4                EMAC_UpdateRxConsumeIndex
                0x0001411c                EMAC_UpdateTxProduceIndex
 .text          0x00014154      0xf60 Libraries/uC-CSP/LPC17xx/lpc17xx_uart.o
                0x00014458                UART_Init
                0x000146bc                UART_DeInit
                0x0001470c                UART_ConfigStructInit
                0x00014740                UART_SendByte
                0x00014774                UART_ReceiveByte
                0x000147a4                UART_Send
                0x000148b0                UART_Receive
                0x00014988                UART_ForceBreak
                0x000149cc                UART_IntConfig
                0x00014ab4                UART_GetLineStatus
                0x00014aec                UART_GetIntId
                0x00014b0c                UART_CheckBusy
                0x00014b38                UART_FIFOConfig
                0x00014be4                UART_FIFOConfigStructInit
                0x00014c18                UART_ABCmd
                0x00014d14                UART_ABClearIntPending
                0x00014d54                UART_TxCmd
                0x00014ddc                UART_FullModemForcePinState
                0x00014e54                UART_FullModemConfigMode
                0x00014ed0                UART_FullModemGetStatus
                0x00014eec                UART_RS485Config
                0x00014f9c                UART_RS485ReceiverCmd
                0x00014fe4                UART_RS485Send
                0x00015064                UART_RS485SendSlvAddr
                0x0001508c                UART_RS485SendData
 .text          0x000150b4      0x7ac Libraries/uC-CSP/LPC17xx/lpc17xx_ssp.o
                0x0001517c                SSP_Init
                0x0001520c                SSP_DeInit
                0x00015254                SSP_GetDataSize
                0x00015274                SSP_ConfigStructInit
                0x000152bc                SSP_Cmd
                0x000152f4                SSP_LoopBackCmd
                0x0001532c                SSP_SlaveOutputCmd
                0x00015364                SSP_SendData
                0x00015380                SSP_ReceiveData
                0x0001539c                SSP_ReadWrite
                0x00015734                SSP_GetStatus
                0x0001575c                SSP_IntConfig
                0x0001579c                SSP_GetRawIntStatus
                0x000157c4                SSP_GetRawIntStatusReg
                0x000157dc                SSP_GetIntStatus
                0x00015804                SSP_ClearIntPending
                0x00015820                SSP_DMACmd
 .text          0x00015860      0x354 Libraries/uC-CSP/LPC17xx/csp_int.o
                0x00015860                CSP_IntClr
                0x00015894                CSP_IntDis
                0x000158c8                CSP_IntDisAll
                0x0001591c                CSP_IntEn
                0x00015950                CSP_IntInit
                0x000159f8                CSP_IntSrcCfg
                0x00015a44                CSP_IntVectReg
                0x00015ac8                CSP_IntVectUnreg
                0x00015b38                CSP_IntHandler
                0x00015b84                CSP_IntHandlerSrc
 .text          0x00015bb4      0x4a8 Libraries/uC-CSP/LPC17xx/csp_pm.o
                0x00015bb4                CSP_PM_Init
                0x00015bc0                CSP_PM_CPU_ClkFreqGet
                0x00015c98                CSP_PM_PerClkDivCfg
                0x00015e24                CSP_PM_PerClkEn
                0x00015e98                CSP_PM_PerClkDis
                0x00015f10                CSP_PM_PerClkFreqGet
                0x00015ffc                CSP_PM_SysClkEn
                0x00016010                CSP_PM_SysClkDis
                0x00016024                CSP_PM_SysClkDivCfg
                0x00016040                CSP_PM_SysClkFreqGet
 .text          0x0001605c      0x9e4 Libraries/uC-CSP/LPC17xx/csp_dma.o
                0x0001605c                CSP_DMA_InitExt
                0x0001614c                CSP_DMA_CH_AllocExt
                0x000162a0                CSP_DMA_CH_FreeExt
                0x00016358                CSP_DMA_CH_CfgExt
                0x00016640                CSP_DMA_XferStartExt
                0x00016748                CSP_DMA_XferAsyncStartExt
                0x0001688c                CSP_DMA_XferSizeMaxGetExt
 .text          0x00016a40       0x94 Libraries/uC-CSP/LPC17xx/USB/src/intenable.o
                0x00016ab4                enable_USB_interrupts
                0x00016ac4                disable_USB_interrupts
 .text          0x00016ad4      0x344 Libraries/uC-CSP/LPC17xx/USB/src/usbcontrol.o
                0x00016bcc                USBHandleControlTransfer
                0x00016de0                USBRegisterRequestHandler
 .text          0x00016e18      0x884 Libraries/uC-CSP/LPC17xx/USB/src/usbhw_lpc.o
                0x00016fa8                USBHwEPConfig
                0x00016fe8                USBHwRegisterEPIntHandler
                0x00017070                USBHwRegisterDevIntHandler
                0x000170ac                USBHwRegisterFrameHandler
                0x000170e8                USBHwSetAddress
                0x0001710c                USBHwConnect
                0x00017134                USBHwNakIntEnable
                0x00017154                USBHwEPGetStatus
                0x0001718c                USBHwEPStall
                0x000171d8                USBHwEPWrite
                0x0001729c                USBHwEPRead
                0x00017394                USBHwConfigDevice
                0x000173bc                USBHwISR
                0x0001754c                USBHwInit
 .text          0x0001769c       0x80 Libraries/uC-CSP/LPC17xx/USB/src/usbinit.o
                0x000176b0                USBInit
 .text          0x0001771c      0x198 Libraries/uC-CSP/LPC17xx/USB/src/usblibs.o
                0x0001771c                deleteBulkOutBuf
                0x0001776c                deleteBulkInBuf
                0x000177bc                USB_IRQHandler
                0x000177dc                BulkOut
                0x00017870                BulkIn
 .text          0x000178b4      0x4cc Libraries/uC-CSP/LPC17xx/USB/src/usbstdreq.o
                0x000178b4                USBRegisterDescriptors
                0x000178d4                USBGetDescriptor
                0x00017cdc                USBHandleStandardRequest
                0x00017d60                USBRegisterCustomReqHandler
 .text          0x00017d80       0x5c Libraries/CM3/src/startup_LPC17xx.o
                0x00017d80                SVC_Handler
                0x00017d82                DebugMon_Handler
                0x00017d84                OS_CPU_PendSVHandler
                0x00017dc6                SysTick_Handler
 .text          0x00017ddc       0x2c Libraries/uC-CPU/cpu_a.o
                0x00017ddc                CPU_IntDis
                0x00017de0                CPU_IntEn
                0x00017de4                CPU_SR_Save
                0x00017dec                CPU_SR_Restore
                0x00017df2                CPU_CntLeadZeros
                0x00017df8                CPU_RevBits
                0x00017dfe                CPU_WaitForInt
                0x00017e02                CPU_WaitForExcept
 .text          0x00017e08       0x48 Libraries/uC-CPU/os_cpu_a.o
                0x00017e08                OSStartHighRdy
                0x00017e2a                OSCtxSw
                0x00017e32                OSIntCtxSw
 .text          0x00017e50       0x2c /home/wimma/bin/codesourcery/Sourcery_CodeBench_Lite_for_ARM_EABI/bin/../lib/gcc/arm-none-eabi/4.6.3/thumb2/libgcc.a(_aeabi_uldivmod.o)
                0x00017e50                __aeabi_uldivmod
 .text          0x00017e7c       0x5c /home/wimma/bin/codesourcery/Sourcery_CodeBench_Lite_for_ARM_EABI/bin/../lib/gcc/arm-none-eabi/4.6.3/thumb2/libgcc.a(bpabi.o)
                0x00017e7c                __gnu_ldivmod_helper
                0x00017eac                __gnu_uldivmod_helper
 .text          0x00017ed8        0x4 /home/wimma/bin/codesourcery/Sourcery_CodeBench_Lite_for_ARM_EABI/bin/../lib/gcc/arm-none-eabi/4.6.3/thumb2/libgcc.a(_dvmd_tls.o)
                0x00017ed8                __aeabi_ldiv0
                0x00017ed8                __aeabi_idiv0
 .text          0x00017edc      0x364 /home/wimma/bin/codesourcery/Sourcery_CodeBench_Lite_for_ARM_EABI/bin/../lib/gcc/arm-none-eabi/4.6.3/thumb2/libgcc.a(_divdi3.o)
                0x00017edc                __divdi3
 .text          0x00018240      0x33c /home/wimma/bin/codesourcery/Sourcery_CodeBench_Lite_for_ARM_EABI/bin/../lib/gcc/arm-none-eabi/4.6.3/thumb2/libgcc.a(_udivdi3.o)
                0x00018240                __udivdi3
 *fill*         0x0001857c        0x4 00
 .text          0x00018580      0x278 /home/wimma/bin/codesourcery/Sourcery_CodeBench_Lite_for_ARM_EABI/bin/../lib/gcc/arm-none-eabi/4.6.3/thumb2/libgcc.a(_udivsi3.o)
                0x00018580                __udivsi3
                0x00018580                __aeabi_uidiv
                0x000187dc                __aeabi_uidivmod
 .text          0x000187f8      0x114 /home/wimma/bin/codesourcery/Sourcery_CodeBench_Lite_for_ARM_EABI/bin/../lib/gcc/arm-none-eabi/4.6.3/../../../../arm-none-eabi/lib/thumb2/libc.a(lib_a-reent.o)
                0x000187f8                cleanup_glue
                0x00018814                _reclaim_reent
                0x000188d4                _wrapup_reent
 .text          0x0001890c       0xbc /home/wimma/bin/codesourcery/Sourcery_CodeBench_Lite_for_ARM_EABI/bin/../lib/gcc/arm-none-eabi/4.6.3/../../../../arm-none-eabi/lib/thumb2/libc.a(lib_a-strcpy.o)
                0x0001890c                strcpy
 .text          0x000189c8       0x60 /home/wimma/bin/codesourcery/Sourcery_CodeBench_Lite_for_ARM_EABI/bin/../lib/gcc/arm-none-eabi/4.6.3/../../../../arm-none-eabi/lib/thumb2/libc.a(lib_a-strlen.o)
                0x000189c8                strlen
 .text          0x00018a28      0x234 /home/wimma/bin/codesourcery/Sourcery_CodeBench_Lite_for_ARM_EABI/bin/../lib/gcc/arm-none-eabi/4.6.3/../../../../arm-none-eabi/lib/thumb2/libc.a(lib_a-freer.o)
                0x00018a28                _malloc_trim_r
                0x00018acc                _free_r
 .text          0x00018c5c        0x0 /home/wimma/bin/codesourcery/Sourcery_CodeBench_Lite_for_ARM_EABI/bin/../lib/gcc/arm-none-eabi/4.6.3/../../../../arm-none-eabi/lib/thumb2/libc.a(lib_a-impure.o)
 .text          0x00018c5c      0x580 /home/wimma/bin/codesourcery/Sourcery_CodeBench_Lite_for_ARM_EABI/bin/../lib/gcc/arm-none-eabi/4.6.3/../../../../arm-none-eabi/lib/thumb2/libc.a(lib_a-mallocr.o)
                0x00018c5c                _malloc_r
 .text          0x000191dc        0x8 /home/wimma/bin/codesourcery/Sourcery_CodeBench_Lite_for_ARM_EABI/bin/../lib/gcc/arm-none-eabi/4.6.3/../../../../arm-none-eabi/lib/thumb2/libc.a(lib_a-mlock.o)
                0x000191dc                __malloc_lock
                0x000191e0                __malloc_unlock
 .text          0x000191e4       0x28 /home/wimma/bin/codesourcery/Sourcery_CodeBench_Lite_for_ARM_EABI/bin/../lib/gcc/arm-none-eabi/4.6.3/../../../../arm-none-eabi/lib/thumb2/libc.a(lib_a-sbrkr.o)
                0x000191e4                _sbrk_r
 *(.plt)
 *(.gnu.warning)
 *(.glue_7t)
 .glue_7t       0x00000000        0x0 linker stubs
 *(.glue_7)
 .glue_7        0x00000000        0x0 linker stubs
 *(.vfp11_veneer)
 .vfp11_veneer  0x00000000        0x0 linker stubs
 *(.rodata .rodata.* .gnu.linkonce.r.*)
 .rodata        0x0001920c       0x94 usb_app.o
 .rodata        0x000192a0       0x14 Libraries/BSP/LCD/Images/img_tbl.o
                0x000192a0                BSP_LCD_ImgTbl
 .rodata        0x000192b4     0x537c Libraries/BSP/LCD/Images/img_nxp_logo.o
                0x000192b4                ImgNXP_LogoData
                0x0001e624                ImgNXP_Logo
 .rodata        0x0001e630     0x4794 Libraries/BSP/LCD/Images/img_os_logo.o
                0x0001e630                ImgOS_LogoData
                0x00022db8                ImgOS_Logo
 .rodata        0x00022dc4     0x29a8 Libraries/BSP/LCD/Images/img_micirum_logo.o
                0x00022dc4                ImgMicriumLogoData
                0x00025760                ImgMicriumLogo
 .rodata        0x0002576c     0x4ca8 Libraries/BSP/LCD/Images/img_keil_logo.o
                0x0002576c                ImgKeilLogoData
                0x0002a408                ImgKeilLogo
 .rodata        0x0002a414      0x60c Libraries/BSP/LCD/Fonts/font_terminal_8x8.o
                0x0002a414                FontTerminal8x8_0020
                0x0002a41c                FontTerminal8x8_0021
                0x0002a424                FontTerminal8x8_0022
                0x0002a42c                FontTerminal8x8_0023
                0x0002a434                FontTerminal8x8_0024
                0x0002a43c                FontTerminal8x8_0025
                0x0002a444                FontTerminal8x8_0026
                0x0002a44c                FontTerminal8x8_0027
                0x0002a454                FontTerminal8x8_0028
                0x0002a45c                FontTerminal8x8_0029
                0x0002a464                FontTerminal8x8_002A
                0x0002a46c                FontTerminal8x8_002B
                0x0002a474                FontTerminal8x8_002C
                0x0002a47c                FontTerminal8x8_002D
                0x0002a484                FontTerminal8x8_002E
                0x0002a48c                FontTerminal8x8_002F
                0x0002a494                FontTerminal8x8_0030
                0x0002a49c                FontTerminal8x8_0031
                0x0002a4a4                FontTerminal8x8_0032
                0x0002a4ac                FontTerminal8x8_0033
                0x0002a4b4                FontTerminal8x8_0034
                0x0002a4bc                FontTerminal8x8_0035
                0x0002a4c4                FontTerminal8x8_0036
                0x0002a4cc                FontTerminal8x8_0037
                0x0002a4d4                FontTerminal8x8_0038
                0x0002a4dc                FontTerminal8x8_0039
                0x0002a4e4                FontTerminal8x8_003A
                0x0002a4ec                FontTerminal8x8_003B
                0x0002a4f4                FontTerminal8x8_003C
                0x0002a4fc                FontTerminal8x8_003D
                0x0002a504                FontTerminal8x8_003E
                0x0002a50c                FontTerminal8x8_003F
                0x0002a514                FontTerminal8x8_0040
                0x0002a51c                FontTerminal8x8_0041
                0x0002a524                FontTerminal8x8_0042
                0x0002a52c                FontTerminal8x8_0043
                0x0002a534                FontTerminal8x8_0044
                0x0002a53c                FontTerminal8x8_0045
                0x0002a544                FontTerminal8x8_0046
                0x0002a54c                FontTerminal8x8_0047
                0x0002a554                FontTerminal8x8_0048
                0x0002a55c                FontTerminal8x8_0049
                0x0002a564                FontTerminal8x8_004A
                0x0002a56c                FontTerminal8x8_004B
                0x0002a574                FontTerminal8x8_004C
                0x0002a57c                FontTerminal8x8_004D
                0x0002a584                FontTerminal8x8_004E
                0x0002a58c                FontTerminal8x8_004F
                0x0002a594                FontTerminal8x8_0050
                0x0002a59c                FontTerminal8x8_0051
                0x0002a5a4                FontTerminal8x8_0052
                0x0002a5ac                FontTerminal8x8_0053
                0x0002a5b4                FontTerminal8x8_0054
                0x0002a5bc                FontTerminal8x8_0055
                0x0002a5c4                FontTerminal8x8_0056
                0x0002a5cc                FontTerminal8x8_0057
                0x0002a5d4                FontTerminal8x8_0058
                0x0002a5dc                FontTerminal8x8_0059
                0x0002a5e4                FontTerminal8x8_005A
                0x0002a5ec                FontTerminal8x8_005B
                0x0002a5f4                FontTerminal8x8_005C
                0x0002a5fc                FontTerminal8x8_005D
                0x0002a604                FontTerminal8x8_005E
                0x0002a60c                FontTerminal8x8_005F
                0x0002a614                FontTerminal8x8_0060
                0x0002a61c                FontTerminal8x8_0061
                0x0002a624                FontTerminal8x8_0062
                0x0002a62c                FontTerminal8x8_0063
                0x0002a634                FontTerminal8x8_0064
                0x0002a63c                FontTerminal8x8_0065
                0x0002a644                FontTerminal8x8_0066
                0x0002a64c                FontTerminal8x8_0067
                0x0002a654                FontTerminal8x8_0068
                0x0002a65c                FontTerminal8x8_0069
                0x0002a664                FontTerminal8x8_006A
                0x0002a66c                FontTerminal8x8_006B
                0x0002a674                FontTerminal8x8_006C
                0x0002a67c                FontTerminal8x8_006D
                0x0002a684                FontTerminal8x8_006E
                0x0002a68c                FontTerminal8x8_006F
                0x0002a694                FontTerminal8x8_0070
                0x0002a69c                FontTerminal8x8_0071
                0x0002a6a4                FontTerminal8x8_0072
                0x0002a6ac                FontTerminal8x8_0073
                0x0002a6b4                FontTerminal8x8_0074
                0x0002a6bc                FontTerminal8x8_0075
                0x0002a6c4                FontTerminal8x8_0076
                0x0002a6cc                FontTerminal8x8_0077
                0x0002a6d4                FontTerminal8x8_0078
                0x0002a6dc                FontTerminal8x8_0079
                0x0002a6e4                FontTerminal8x8_007A
                0x0002a6ec                FontTerminal8x8_007B
                0x0002a6f4                FontTerminal8x8_007C
                0x0002a6fc                FontTerminal8x8_007D
                0x0002a704                FontTerminal8x8_007E
                0x0002a70c                FontTerminal8x8_CharTbl
                0x0002aa10                FontTerminal8x8
 .rodata        0x0002aa20       0x10 Libraries/BSP/LCD/Fonts/font_tbl.o
                0x0002aa20                BSP_LCD_FontTbl
 .rodata        0x0002aa30      0xe3c Libraries/BSP/LCD/Fonts/font_comic_18x18.o
                0x0002aa30                FontComic18_ASCII_32
                0x0002aa44                FontComic18_ASCII_33
                0x0002aa58                FontComic18_ASCII_34
                0x0002aa6c                FontComic18_ASCII_35
                0x0002aa90                FontComic18_ASCII_36
                0x0002aab4                FontComic18_ASCII_37
                0x0002aad8                FontComic18_ASCII_38
                0x0002aafc                FontComic18_ASCII_39
                0x0002ab10                FontComic18_ASCII_40
                0x0002ab24                FontComic18_ASCII_41
                0x0002ab38                FontComic18_ASCII_42
                0x0002ab5c                FontComic18_ASCII_43
                0x0002ab70                FontComic18_ASCII_44
                0x0002ab84                FontComic18_ASCII_45
                0x0002ab98                FontComic18_ASCII_46
                0x0002abac                FontComic18_ASCII_47
                0x0002abd0                FontComic18_ASCII_48
                0x0002abf4                FontComic18_ASCII_49
                0x0002ac08                FontComic18_ASCII_50
                0x0002ac2c                FontComic18_ASCII_51
                0x0002ac50                FontComic18_ASCII_52
                0x0002ac74                FontComic18_ASCII_53
                0x0002ac98                FontComic18_ASCII_54
                0x0002acbc                FontComic18_ASCII_55
                0x0002ace0                FontComic18_ASCII_56
                0x0002ad04                FontComic18_ASCII_57
                0x0002ad28                FontComic18_ASCII_58
                0x0002ad3c                FontComic18_ASCII_59
                0x0002ad50                FontComic18_ASCII_60
                0x0002ad64                FontComic18_ASCII_61
                0x0002ad78                FontComic18_ASCII_62
                0x0002ad8c                FontComic18_ASCII_63
                0x0002adb0                FontComic18_ASCII_64
                0x0002add4                FontComic18_ASCII_65
                0x0002adf8                FontComic18_ASCII_66
                0x0002ae1c                FontComic18_ASCII_67
                0x0002ae40                FontComic18_ASCII_68
                0x0002ae64                FontComic18_ASCII_69
                0x0002ae88                FontComic18_ASCII_70
                0x0002aeac                FontComic18_ASCII_71
                0x0002aed0                FontComic18_ASCII_72
                0x0002aef4                FontComic18_ASCII_73
                0x0002af18                FontComic18_ASCII_74
                0x0002af3c                FontComic18_ASCII_75
                0x0002af60                FontComic18_ASCII_76
                0x0002af84                FontComic18_ASCII_77
                0x0002afa8                FontComic18_ASCII_78
                0x0002afcc                FontComic18_ASCII_79
                0x0002aff0                FontComic18_ASCII_80
                0x0002b004                FontComic18_ASCII_81
                0x0002b028                FontComic18_ASCII_82
                0x0002b04c                FontComic18_ASCII_83
                0x0002b070                FontComic18_ASCII_84
                0x0002b094                FontComic18_ASCII_85
                0x0002b0b8                FontComic18_ASCII_86
                0x0002b0dc                FontComic18_ASCII_87
                0x0002b114                FontComic18_ASCII_88
                0x0002b138                FontComic18_ASCII_89
                0x0002b15c                FontComic18_ASCII_90
                0x0002b180                FontComic18_ASCII_91
                0x0002b194                FontComic18_ASCII_92
                0x0002b1a8                FontComic18_ASCII_93
                0x0002b1bc                FontComic18_ASCII_94
                0x0002b1d0                FontComic18_ASCII_95
                0x0002b1f4                FontComic18_ASCII_96
                0x0002b218                FontComic18_ASCII_97
                0x0002b22c                FontComic18_ASCII_98
                0x0002b250                FontComic18_ASCII_99
                0x0002b264                FontComic18_ASCII_100
                0x0002b288                FontComic18_ASCII_101
                0x0002b29c                FontComic18_ASCII_102
                0x0002b2b0                FontComic18_ASCII_103
                0x0002b2c4                FontComic18_ASCII_104
                0x0002b2d8                FontComic18_ASCII_105
                0x0002b2ec                FontComic18_ASCII_106
                0x0002b300                FontComic18_ASCII_107
                0x0002b324                FontComic18_ASCII_108
                0x0002b338                FontComic18_ASCII_109
                0x0002b35c                FontComic18_ASCII_110
                0x0002b370                FontComic18_ASCII_111
                0x0002b384                FontComic18_ASCII_112
                0x0002b3a8                FontComic18_ASCII_113
                0x0002b3bc                FontComic18_ASCII_114
                0x0002b3d0                FontComic18_ASCII_115
                0x0002b3e4                FontComic18_ASCII_116
                0x0002b3f8                FontComic18_ASCII_117
                0x0002b40c                FontComic18_ASCII_118
                0x0002b420                FontComic18_ASCII_119
                0x0002b444                FontComic18_ASCII_120
                0x0002b468                FontComic18_ASCII_121
                0x0002b48c                FontComic18_ASCII_122
                0x0002b4b0                FontComic18_ASCII_123
                0x0002b4c4                FontComic18_ASCII_124
                0x0002b4d8                FontComic18_ASCII_125
                0x0002b4ec                FontComic18_ASCII_126
                0x0002b510                FontComic18_ASCII_127
                0x0002b524                FontComic18_ASCII_128
                0x0002b548                FontComic18_CharTbl
                0x0002b85c                FontComic18x18
 .rodata        0x0002b86c      0xa74 Libraries/BSP/LCD/Fonts/font_swiss_16x16.o
                0x0002b86c                FontSwiss16x16_0020
                0x0002b87c                FontSwiss16x16_0021
                0x0002b88c                FontSwiss16x16_0022
                0x0002b89c                FontSwiss16x16_0023
                0x0002b8ac                FontSwiss16x16_0024
                0x0002b8bc                FontSwiss16x16_0025
                0x0002b8dc                FontSwiss16x16_0026
                0x0002b8fc                FontSwiss16x16_0027
                0x0002b90c                FontSwiss16x16_0028
                0x0002b91c                FontSwiss16x16_0029
                0x0002b92c                FontSwiss16x16_002A
                0x0002b93c                FontSwiss16x16_002B
                0x0002b94c                FontSwiss16x16_002C
                0x0002b95c                FontSwiss16x16_002D
                0x0002b96c                FontSwiss16x16_002E
                0x0002b97c                FontSwiss16x16_002F
                0x0002b98c                FontSwiss16x16_0030
                0x0002b99c                FontSwiss16x16_0031
                0x0002b9ac                FontSwiss16x16_0032
                0x0002b9bc                FontSwiss16x16_0033
                0x0002b9cc                FontSwiss16x16_0034
                0x0002b9dc                FontSwiss16x16_0035
                0x0002b9ec                FontSwiss16x16_0036
                0x0002b9fc                FontSwiss16x16_0037
                0x0002ba0c                FontSwiss16x16_0038
                0x0002ba1c                FontSwiss16x16_0039
                0x0002ba2c                FontSwiss16x16_003A
                0x0002ba3c                FontSwiss16x16_003B
                0x0002ba4c                FontSwiss16x16_003C
                0x0002ba5c                FontSwiss16x16_003D
                0x0002ba6c                FontSwiss16x16_003E
                0x0002ba7c                FontSwiss16x16_003F
                0x0002ba8c                FontSwiss16x16_0040
                0x0002baac                FontSwiss16x16_0041
                0x0002bacc                FontSwiss16x16_0042
                0x0002baec                FontSwiss16x16_0043
                0x0002bb0c                FontSwiss16x16_0044
                0x0002bb2c                FontSwiss16x16_0045
                0x0002bb3c                FontSwiss16x16_0046
                0x0002bb4c                FontSwiss16x16_0047
                0x0002bb6c                FontSwiss16x16_0048
                0x0002bb8c                FontSwiss16x16_0049
                0x0002bb9c                FontSwiss16x16_004A
                0x0002bbac                FontSwiss16x16_004B
                0x0002bbcc                FontSwiss16x16_004C
                0x0002bbdc                FontSwiss16x16_004D
                0x0002bbfc                FontSwiss16x16_004E
                0x0002bc1c                FontSwiss16x16_004F
                0x0002bc3c                FontSwiss16x16_0050
                0x0002bc5c                FontSwiss16x16_0051
                0x0002bc7c                FontSwiss16x16_0052
                0x0002bc9c                FontSwiss16x16_0053
                0x0002bcbc                FontSwiss16x16_0054
                0x0002bccc                FontSwiss16x16_0055
                0x0002bcec                FontSwiss16x16_0056
                0x0002bd0c                FontSwiss16x16_0057
                0x0002bd2c                FontSwiss16x16_0058
                0x0002bd4c                FontSwiss16x16_0059
                0x0002bd5c                FontSwiss16x16_005A
                0x0002bd6c                FontSwiss16x16_005B
                0x0002bd7c                FontSwiss16x16_005C
                0x0002bd8c                FontSwiss16x16_005D
                0x0002bd9c                FontSwiss16x16_005E
                0x0002bdac                FontSwiss16x16_005F
                0x0002bdbc                FontSwiss16x16_0060
                0x0002bdcc                FontSwiss16x16_0061
                0x0002bddc                FontSwiss16x16_0062
                0x0002bdec                FontSwiss16x16_0063
                0x0002bdfc                FontSwiss16x16_0064
                0x0002be0c                FontSwiss16x16_0065
                0x0002be1c                FontSwiss16x16_0066
                0x0002be2c                FontSwiss16x16_0067
                0x0002be3c                FontSwiss16x16_0068
                0x0002be4c                FontSwiss16x16_0069
                0x0002be5c                FontSwiss16x16_006A
                0x0002be6c                FontSwiss16x16_006B
                0x0002be7c                FontSwiss16x16_006C
                0x0002be8c                FontSwiss16x16_006D
                0x0002beac                FontSwiss16x16_006E
                0x0002bebc                FontSwiss16x16_006F
                0x0002becc                FontSwiss16x16_0070
                0x0002bedc                FontSwiss16x16_0071
                0x0002beec                FontSwiss16x16_0072
                0x0002befc                FontSwiss16x16_0073
                0x0002bf0c                FontSwiss16x16_0074
                0x0002bf1c                FontSwiss16x16_0075
                0x0002bf2c                FontSwiss16x16_0076
                0x0002bf3c                FontSwiss16x16_0077
                0x0002bf5c                FontSwiss16x16_0078
                0x0002bf6c                FontSwiss16x16_0079
                0x0002bf7c                FontSwiss16x16_007A
                0x0002bf8c                FontSwiss16x16_007B
                0x0002bf9c                FontSwiss16x16_007C
                0x0002bfac                FontSwiss16x16_007D
                0x0002bfbc                FontSwiss16x16_007E
                0x0002bfcc                FontSwiss16x16_CharTbl
                0x0002c2d0                FontSwiss16x16
 .rodata        0x0002c2e0        0xc Libraries/BSP/LCD/bsp_lcd.o
 *fill*         0x0002c2ec      0x114 00
 .rodata        0x0002c400      0x400 Libraries/CM3/src/NVICInit.o
 .rodata        0x0002c800       0x94 Libraries/uC-LIB/lib_str.o
 .rodata        0x0002c894       0x20 Libraries/uC-OSIII/os_tmr.o
 .rodata        0x0002c8b4        0xc Libraries/uC-OSIII/os_task.o
 .rodata        0x0002c8c0        0xc Libraries/uC-OSIII/os_sem.o
 .rodata        0x0002c8cc        0xc Libraries/uC-OSIII/os_flag.o
 .rodata        0x0002c8d8       0x14 Libraries/uC-OSIII/os_stat.o
 .rodata        0x0002c8ec       0xa4 Libraries/uC-OSIII/os_cfg_app.o
                0x0002c8ec                OSCfg_IdleTaskStkBasePtr
                0x0002c8f0                OSCfg_IdleTaskStkLimit
                0x0002c8f4                OSCfg_IdleTaskStkSize
                0x0002c8f8                OSCfg_IdleTaskStkSizeRAM
                0x0002c8fc                OSCfg_IntQBasePtr
                0x0002c900                OSCfg_IntQSize
                0x0002c904                OSCfg_IntQSizeRAM
                0x0002c908                OSCfg_IntQTaskStkBasePtr
                0x0002c90c                OSCfg_IntQTaskStkLimit
                0x0002c910                OSCfg_IntQTaskStkSize
                0x0002c914                OSCfg_IntQTaskStkSizeRAM
                0x0002c918                OSCfg_ISRStkBasePtr
                0x0002c91c                OSCfg_ISRStkSize
                0x0002c920                OSCfg_ISRStkSizeRAM
                0x0002c924                OSCfg_MsgPoolSize
                0x0002c928                OSCfg_MsgPoolSizeRAM
                0x0002c92c                OSCfg_MsgPoolBasePtr
                0x0002c930                OSCfg_StatTaskPrio
                0x0002c934                OSCfg_StatTaskRate_Hz
                0x0002c938                OSCfg_StatTaskStkBasePtr
                0x0002c93c                OSCfg_StatTaskStkLimit
                0x0002c940                OSCfg_StatTaskStkSize
                0x0002c944                OSCfg_StatTaskStkSizeRAM
                0x0002c948                OSCfg_StkSizeMin
                0x0002c94c                OSCfg_TickRate_Hz
                0x0002c950                OSCfg_TickTaskPrio
                0x0002c954                OSCfg_TickTaskStkBasePtr
                0x0002c958                OSCfg_TickTaskStkLimit
                0x0002c95c                OSCfg_TickTaskStkSize
                0x0002c960                OSCfg_TickTaskStkSizeRAM
                0x0002c964                OSCfg_TickWheelSize
                0x0002c968                OSCfg_TickWheelSizeRAM
                0x0002c96c                OSCfg_TmrTaskPrio
                0x0002c970                OSCfg_TmrTaskRate_Hz
                0x0002c974                OSCfg_TmrTaskStkBasePtr
                0x0002c978                OSCfg_TmrTaskStkLimit
                0x0002c97c                OSCfg_TmrTaskStkSize
                0x0002c980                OSCfg_TmrTaskStkSizeRAM
                0x0002c984                OSCfg_TmrWheelSize
                0x0002c988                OSCfg_TmrWheelSizeRAM
                0x0002c98c                OSCfg_DataSizeRAM
 .rodata        0x0002c990        0xc Libraries/uC-OSIII/os_mutex.o
 .rodata        0x0002c99c        0x8 Libraries/uC-OSIII/os_q.o
 .rodata        0x0002c9a4      0x16c Libraries/uC-OSIII/os_dbg.o
                0x0002c9a4                OSDbg_DbgEn
                0x0002c9a6                OSDbg_ArgChkEn
                0x0002c9a7                OSDbg_AppHooksEn
                0x0002c9a8                OSDbg_EndiannessTest
                0x0002c9ac                OSDbg_CalledFromISRChkEn
                0x0002c9ad                OSDbg_FlagEn
                0x0002c9b0                OSDbg_FlagGrp
                0x0002c9d8                OSDbg_FlagDelEn
                0x0002c9d9                OSDbg_FlagModeClrEn
                0x0002c9da                OSDbg_FlagPendAbortEn
                0x0002c9dc                OSDbg_FlagGrpSize
                0x0002c9de                OSDbg_FlagWidth
                0x0002c9e0                OSDbg_IntQ
                0x0002c9e2                OSDbg_ISRPostDeferredEn
                0x0002c9e4                OSDbg_Mem
                0x0002ca04                OSDbg_MemEn
                0x0002ca06                OSDbg_MemSize
                0x0002ca08                OSDbg_MsgEn
                0x0002ca0a                OSDbg_MsgSize
                0x0002ca0c                OSDbg_MsgPoolSize
                0x0002ca0e                OSDbg_MsgQSize
                0x0002ca10                OSDbg_Mutex
                0x0002ca3c                OSDbg_MutexEn
                0x0002ca3d                OSDbg_MutexDelEn
                0x0002ca3e                OSDbg_MutexPendAbortEn
                0x0002ca40                OSDbg_MutexSize
                0x0002ca42                OSDbg_ObjTypeChkEn
                0x0002ca43                OSDbg_PendMultiEn
                0x0002ca44                OSDbg_PendDataSize
                0x0002ca46                OSDbg_PendListSize
                0x0002ca48                OSDbg_PendObjSize
                0x0002ca4a                OSDbg_PrioMax
                0x0002ca4c                OSDbg_PrioTblSize
                0x0002ca4e                OSDbg_PtrSize
                0x0002ca50                OSDbg_Q
                0x0002ca80                OSDbg_QEn
                0x0002ca81                OSDbg_QDelEn
                0x0002ca82                OSDbg_QFlushEn
                0x0002ca83                OSDbg_QPendAbortEn
                0x0002ca84                OSDbg_QSize
                0x0002ca86                OSDbg_SchedRoundRobinEn
                0x0002ca88                OSDbg_Sem
                0x0002cab0                OSDbg_SemEn
                0x0002cab1                OSDbg_SemDelEn
                0x0002cab2                OSDbg_SemPendAbortEn
                0x0002cab3                OSDbg_SemSetEn
                0x0002cab4                OSDbg_SemSize
                0x0002cab6                OSDbg_RdyList
                0x0002cab8                OSDbg_RdyListSize
                0x0002cabc                OSDbg_StkWidth
                0x0002cabd                OSDbg_StatTaskEn
                0x0002cabe                OSDbg_StatTaskStkChkEn
                0x0002cabf                OSDbg_TaskChangePrioEn
                0x0002cac0                OSDbg_TaskDelEn
                0x0002cac1                OSDbg_TaskQEn
                0x0002cac2                OSDbg_TaskQPendAbortEn
                0x0002cac3                OSDbg_TaskProfileEn
                0x0002cac4                OSDbg_TaskRegTblSize
                0x0002cac6                OSDbg_TaskSemPendAbortEn
                0x0002cac7                OSDbg_TaskSuspendEn
                0x0002cac8                OSDbg_TCBSize
                0x0002caca                OSDbg_TickSpokeSize
                0x0002cacc                OSDbg_TimeDlyHMSMEn
                0x0002cacd                OSDbg_TimeDlyResumeEn
                0x0002cad0                OSDbg_Tmr
                0x0002cb04                OSDbg_TmrEn
                0x0002cb05                OSDbg_TmrDelEn
                0x0002cb06                OSDbg_TmrSize
                0x0002cb08                OSDbg_TmrSpokeSize
                0x0002cb0a                OSDbg_VersionNbr
                0x0002cb0c                OSDbg_DataSize
 .rodata        0x0002cb10       0x2c Libraries/uC-OSIII/os_core.o
 .rodata        0x0002cb3c       0x14 Libraries/uC-OSIII/os_tick.o
 .rodata        0x0002cb50       0x1c Libraries/uC-OSIII/os_int.o
 .rodata        0x0002cb6c       0x18 Libraries/uC-CSP/LPC17xx/csp_tmr.o
 .rodata        0x0002cb84        0x8 Libraries/uC-CSP/LPC17xx/lpc17xx_emac.o
                0x0002cb84                EMAC_clkdiv
 .rodata        0x0002cb8c       0x6c Libraries/uC-CSP/LPC17xx/USB/src/usblibs.o
 .rodata        0x0002cbf8        0x4 /home/wimma/bin/codesourcery/Sourcery_CodeBench_Lite_for_ARM_EABI/bin/../lib/gcc/arm-none-eabi/4.6.3/../../../../arm-none-eabi/lib/thumb2/libc.a(lib_a-impure.o)
                0x0002cbf8                _global_impure_ptr
 .rodata.str1.4
                0x0002cbfc        0x4 /home/wimma/bin/codesourcery/Sourcery_CodeBench_Lite_for_ARM_EABI/bin/../lib/gcc/arm-none-eabi/4.6.3/../../../../arm-none-eabi/lib/thumb2/libc.a(lib_a-impure.o)
 *(.ARM.extab* .gnu.linkonce.armextab.*)
 .ARM.extab.cs3.reset
                0x0002cc00        0x0 Libraries/CM3/src/startup_LPC17xx.o
 .ARM.extab     0x0002cc00        0x0 /home/wimma/bin/codesourcery/Sourcery_CodeBench_Lite_for_ARM_EABI/bin/../lib/gcc/arm-none-eabi/4.6.3/thumb2/libgcc.a(_divdi3.o)
 .ARM.extab     0x0002cc00        0x0 /home/wimma/bin/codesourcery/Sourcery_CodeBench_Lite_for_ARM_EABI/bin/../lib/gcc/arm-none-eabi/4.6.3/thumb2/libgcc.a(_udivdi3.o)
 *(.gcc_except_table)
 *(.eh_frame_hdr)
 *(.eh_frame)
                0x0002cc00                . = ALIGN (0x4)
 *(.init)
                0x0002cc00                . = ALIGN (0x4)
                0x0002cc00                __preinit_array_start = .
 *(.preinit_array)
                0x0002cc00                __preinit_array_end = .
                0x0002cc00                . = ALIGN (0x4)
                0x0002cc00                __init_array_start = .
 *(SORT(.init_array.*))
 *(.init_array)
                0x0002cc00                __init_array_end = .
                0x0002cc00                . = ALIGN (0x4)
 *crtbegin.o(.ctors)
 *(EXCLUDE_FILE(*crtend.o) .ctors)
 *(SORT(.ctors.*))
 *crtend.o(.ctors)
                0x0002cc00                . = ALIGN (0x4)
 *(.fini)
                0x0002cc00                . = ALIGN (0x4)
                0x0002cc00                __fini_array_start = .
 *(.fini_array)
 *(SORT(.fini_array.*))
                0x0002cc00                __fini_array_end = .
 *crtbegin.o(.dtors)
 *(EXCLUDE_FILE(*crtend.o) .dtors)
 *(SORT(.dtors.*))
 *crtend.o(.dtors)
                0x0002cc00                . = ALIGN (0x4)
                0x0002cc00                __cs3_regions = .
                0x0002cc00        0x4 LONG 0x0
                0x0002cc04        0x4 LONG 0x2cc20 __cs3_region_init_ram
                0x0002cc08        0x4 LONG 0x10000000 __cs3_region_start_ram
                0x0002cc0c        0x4 LONG 0x510 __cs3_region_init_size_ram
                0x0002cc10        0x4 LONG 0x56c8 __cs3_region_zero_size_ram
                0x0002cc14                __exidx_start = .

.v4_bx          0x0002cc14        0x0
 .v4_bx         0x00000000        0x0 linker stubs

.iplt           0x0002cc14        0x0
 .iplt          0x00000000        0x0 usb_app.o

.ARM.exidx      0x0002cc14        0x8
 *(.ARM.exidx* .gnu.linkonce.armexidx.*)
 .ARM.exidx.cs3.reset
                0x0002cc14        0x8 Libraries/CM3/src/startup_LPC17xx.o
 .ARM.exidx     0x0002cc1c        0x0 /home/wimma/bin/codesourcery/Sourcery_CodeBench_Lite_for_ARM_EABI/bin/../lib/gcc/arm-none-eabi/4.6.3/thumb2/libgcc.a(_divdi3.o)
                                  0x8 (size before relaxing)
 .ARM.exidx     0x0002cc1c        0x0 /home/wimma/bin/codesourcery/Sourcery_CodeBench_Lite_for_ARM_EABI/bin/../lib/gcc/arm-none-eabi/4.6.3/thumb2/libgcc.a(_udivdi3.o)
                                  0x8 (size before relaxing)
                0x0002cc1c                __exidx_end = .

.rel.dyn        0x0002cc1c        0x0
 .rel.iplt      0x00000000        0x0 usb_app.o

.text.align     0x0002cc1c        0x4
                0x0002cc20                . = ALIGN (0x8)
 *fill*         0x0002cc1c        0x4 00
                0x0002cc20                _etext = .
                0x00080000                __cs3_region_size_rom = 0x80000
                0x00000001                __cs3_region_num = 0x1

.data           0x10000000      0x510 load address 0x0002cc20
                0x10000000                __cs3_region_start_ram = .
                0x10000000                _sdata = .
 *(.cs3.region-head.ram)
 *(.jcr)
 *(.got.plt)
 *(.got)
 *(.shdata)
 *(.data .data.* .gnu.linkonce.d.*)
 .data          0x10000000        0x0 usb_app.o
 .data          0x10000000        0x0 Libraries/uC-CPU/os_cpu_c.o
 .data          0x10000000        0x0 Libraries/uC-CPU/cpu_c.o
 .data          0x10000000        0x0 Libraries/uC-CPU/cpu_core.o
 .data          0x10000000        0x0 Libraries/BSP/LCD/Images/img_tbl.o
 .data          0x10000000        0x0 Libraries/BSP/LCD/Images/img_nxp_logo.o
 .data          0x10000000        0x0 Libraries/BSP/LCD/Images/img_os_logo.o
 .data          0x10000000        0x0 Libraries/BSP/LCD/Images/img_micirum_logo.o
 .data          0x10000000        0x0 Libraries/BSP/LCD/Images/img_keil_logo.o
 .data          0x10000000        0x0 Libraries/BSP/LCD/Fonts/font_terminal_8x8.o
 .data          0x10000000        0x0 Libraries/BSP/LCD/Fonts/font_tbl.o
 .data          0x10000000        0x0 Libraries/BSP/LCD/Fonts/font_comic_18x18.o
 .data          0x10000000        0x0 Libraries/BSP/LCD/Fonts/font_swiss_16x16.o
 .data          0x10000000        0x0 Libraries/BSP/LCD/bsp_lcd.o
 .data          0x10000000        0x0 Libraries/BSP/cpu_bsp.o
 .data          0x10000000        0x0 Libraries/BSP/bsp.o
 .data          0x10000000        0x0 Libraries/CM3/src/hw_timer.o
 .data          0x10000000        0x0 Libraries/CM3/src/core_cm3.o
 .data          0x10000000        0x0 Libraries/CM3/src/lpc17xx_nvic.o
 .data          0x10000000        0x4 Libraries/CM3/src/system_LPC17xx.o
                0x10000000                SystemCoreClock
 .data          0x10000004        0x4 Libraries/CM3/src/libnosys_gnu.o
                0x10000004                environ
 .data          0x10000008        0x0 Libraries/CM3/src/NVICInit.o
 .data          0x10000008        0x0 Libraries/uC-LIB/lib_math.o
 .data          0x10000008        0x0 Libraries/uC-LIB/lib_ascii.o
 .data          0x10000008        0x0 Libraries/uC-LIB/lib_str.o
 .data          0x10000008        0x0 Libraries/uC-LIB/lib_mem.o
 .data          0x10000008        0x0 Libraries/uC-OSIII/os_prio.o
 .data          0x10000008        0x0 Libraries/uC-OSIII/os_tmr.o
 .data          0x10000008        0x0 Libraries/uC-OSIII/os_var.o
 .data          0x10000008        0x0 Libraries/uC-OSIII/os_pend_multi.o
 .data          0x10000008        0x0 Libraries/uC-OSIII/os_task.o
 .data          0x10000008        0x0 Libraries/uC-OSIII/os_time.o
 .data          0x10000008        0x0 Libraries/uC-OSIII/os_sem.o
 .data          0x10000008        0x0 Libraries/uC-OSIII/os_flag.o
 .data          0x10000008        0x0 Libraries/uC-OSIII/os_stat.o
 .data          0x10000008        0x0 Libraries/uC-OSIII/os_cfg_app.o
 .data          0x10000008        0x0 Libraries/uC-OSIII/os_mutex.o
 .data          0x10000008        0x0 Libraries/uC-OSIII/os_q.o
 .data          0x10000008        0x0 Libraries/uC-OSIII/os_dbg.o
 .data          0x10000008        0x0 Libraries/uC-OSIII/os_core.o
 .data          0x10000008        0x0 Libraries/uC-OSIII/os_tick.o
 .data          0x10000008        0x0 Libraries/uC-OSIII/os_msg.o
 .data          0x10000008        0x0 Libraries/uC-OSIII/os_mem.o
 .data          0x10000008        0x0 Libraries/uC-OSIII/os_int.o
 .data          0x10000008        0x0 Libraries/CFG/os_app_hooks.o
 .data          0x10000008        0x0 Libraries/serial_lite/os_serial_lite.o
 .data          0x10000008        0x0 Libraries/uC-CSP/os_csp.o
 .data          0x10000008        0x0 Libraries/uC-CSP/csp.o
 .data          0x10000008        0x0 Libraries/uC-CSP/LPC17xx/lpc17xx_clkpwr.o
 .data          0x10000008        0x0 Libraries/uC-CSP/LPC17xx/csp_gpio.o
 .data          0x10000008        0x0 Libraries/uC-CSP/LPC17xx/csp_tmr.o
 .data          0x10000008        0x0 Libraries/uC-CSP/LPC17xx/lpc17xx_pinsel.o
 .data          0x10000008        0x0 Libraries/uC-CSP/LPC17xx/lpc17xx_gpio.o
 .data          0x10000008        0x0 Libraries/uC-CSP/LPC17xx/lpc17xx_emac.o
 .data          0x10000008        0x0 Libraries/uC-CSP/LPC17xx/lpc17xx_uart.o
 .data          0x10000008        0x0 Libraries/uC-CSP/LPC17xx/lpc17xx_ssp.o
 .data          0x10000008        0x0 Libraries/uC-CSP/LPC17xx/csp_int.o
 .data          0x10000008        0x0 Libraries/uC-CSP/LPC17xx/csp_pm.o
 .data          0x10000008        0x0 Libraries/uC-CSP/LPC17xx/csp_dma.o
 .data          0x10000008        0x0 Libraries/uC-CSP/LPC17xx/USB/src/intenable.o
 .data          0x10000008        0x0 Libraries/uC-CSP/LPC17xx/USB/src/usbcontrol.o
 .data          0x10000008        0x0 Libraries/uC-CSP/LPC17xx/USB/src/usbhw_lpc.o
 .data          0x10000008        0x0 Libraries/uC-CSP/LPC17xx/USB/src/usbinit.o
 .data          0x10000008        0x0 Libraries/uC-CSP/LPC17xx/USB/src/usblibs.o
 .data          0x10000008        0x0 Libraries/uC-CSP/LPC17xx/USB/src/usbstdreq.o
 .data          0x10000008        0x0 Libraries/CM3/src/startup_LPC17xx.o
 .data          0x10000008        0x0 Libraries/uC-CPU/cpu_a.o
 .data          0x10000008        0x0 Libraries/uC-CPU/os_cpu_a.o
 .data          0x10000008        0x0 /home/wimma/bin/codesourcery/Sourcery_CodeBench_Lite_for_ARM_EABI/bin/../lib/gcc/arm-none-eabi/4.6.3/thumb2/libgcc.a(_aeabi_uldivmod.o)
 .data          0x10000008        0x0 /home/wimma/bin/codesourcery/Sourcery_CodeBench_Lite_for_ARM_EABI/bin/../lib/gcc/arm-none-eabi/4.6.3/thumb2/libgcc.a(bpabi.o)
 .data          0x10000008        0x0 /home/wimma/bin/codesourcery/Sourcery_CodeBench_Lite_for_ARM_EABI/bin/../lib/gcc/arm-none-eabi/4.6.3/thumb2/libgcc.a(_dvmd_tls.o)
 .data          0x10000008        0x0 /home/wimma/bin/codesourcery/Sourcery_CodeBench_Lite_for_ARM_EABI/bin/../lib/gcc/arm-none-eabi/4.6.3/thumb2/libgcc.a(_divdi3.o)
 .data          0x10000008        0x0 /home/wimma/bin/codesourcery/Sourcery_CodeBench_Lite_for_ARM_EABI/bin/../lib/gcc/arm-none-eabi/4.6.3/thumb2/libgcc.a(_udivdi3.o)
 .data          0x10000008        0x0 /home/wimma/bin/codesourcery/Sourcery_CodeBench_Lite_for_ARM_EABI/bin/../lib/gcc/arm-none-eabi/4.6.3/thumb2/libgcc.a(_udivsi3.o)
 .data          0x10000008        0x0 /home/wimma/bin/codesourcery/Sourcery_CodeBench_Lite_for_ARM_EABI/bin/../lib/gcc/arm-none-eabi/4.6.3/../../../../arm-none-eabi/lib/thumb2/libc.a(lib_a-reent.o)
 .data          0x10000008        0x0 /home/wimma/bin/codesourcery/Sourcery_CodeBench_Lite_for_ARM_EABI/bin/../lib/gcc/arm-none-eabi/4.6.3/../../../../arm-none-eabi/lib/thumb2/libc.a(lib_a-strcpy.o)
 .data          0x10000008        0x0 /home/wimma/bin/codesourcery/Sourcery_CodeBench_Lite_for_ARM_EABI/bin/../lib/gcc/arm-none-eabi/4.6.3/../../../../arm-none-eabi/lib/thumb2/libc.a(lib_a-strlen.o)
 .data          0x10000008        0x0 /home/wimma/bin/codesourcery/Sourcery_CodeBench_Lite_for_ARM_EABI/bin/../lib/gcc/arm-none-eabi/4.6.3/../../../../arm-none-eabi/lib/thumb2/libc.a(lib_a-freer.o)
 .data          0x10000008       0xf4 /home/wimma/bin/codesourcery/Sourcery_CodeBench_Lite_for_ARM_EABI/bin/../lib/gcc/arm-none-eabi/4.6.3/../../../../arm-none-eabi/lib/thumb2/libc.a(lib_a-impure.o)
                0x10000008                _impure_ptr
 .data          0x100000fc      0x410 /home/wimma/bin/codesourcery/Sourcery_CodeBench_Lite_for_ARM_EABI/bin/../lib/gcc/arm-none-eabi/4.6.3/../../../../arm-none-eabi/lib/thumb2/libc.a(lib_a-mallocr.o)
                0x100000fc                __malloc_av_
                0x10000504                __malloc_sbrk_base
                0x10000508                __malloc_trim_threshold
 .data          0x1000050c        0x0 /home/wimma/bin/codesourcery/Sourcery_CodeBench_Lite_for_ARM_EABI/bin/../lib/gcc/arm-none-eabi/4.6.3/../../../../arm-none-eabi/lib/thumb2/libc.a(lib_a-mlock.o)
 .data          0x1000050c        0x0 /home/wimma/bin/codesourcery/Sourcery_CodeBench_Lite_for_ARM_EABI/bin/../lib/gcc/arm-none-eabi/4.6.3/../../../../arm-none-eabi/lib/thumb2/libc.a(lib_a-sbrkr.o)
 *(.ram)
                0x10000510                . = ALIGN (0x8)
 *fill*         0x1000050c        0x4 00
                0x10000510                _edata = .

.igot.plt       0x10000510        0x0 load address 0x0002d130
 .igot.plt      0x00000000        0x0 usb_app.o

.bss            0x10000510     0x56c8 load address 0x0002d130
                0x10000510                _sbss = .
 *(.shbss)
 *(.bss .bss.* .gnu.linkonce.b.*)
 .bss           0x10000510      0x6c0 usb_app.o
 .bss           0x10000bd0        0x0 Libraries/uC-CPU/os_cpu_c.o
 .bss           0x10000bd0        0x0 Libraries/uC-CPU/cpu_c.o
 .bss           0x10000bd0        0x0 Libraries/uC-CPU/cpu_core.o
 .bss           0x10000bd0        0x0 Libraries/BSP/LCD/Images/img_tbl.o
 .bss           0x10000bd0        0x0 Libraries/BSP/LCD/Images/img_nxp_logo.o
 .bss           0x10000bd0        0x0 Libraries/BSP/LCD/Images/img_os_logo.o
 .bss           0x10000bd0        0x0 Libraries/BSP/LCD/Images/img_micirum_logo.o
 .bss           0x10000bd0        0x0 Libraries/BSP/LCD/Images/img_keil_logo.o
 .bss           0x10000bd0        0x0 Libraries/BSP/LCD/Fonts/font_terminal_8x8.o
 .bss           0x10000bd0        0x0 Libraries/BSP/LCD/Fonts/font_tbl.o
 .bss           0x10000bd0        0x0 Libraries/BSP/LCD/Fonts/font_comic_18x18.o
 .bss           0x10000bd0        0x0 Libraries/BSP/LCD/Fonts/font_swiss_16x16.o
 .bss           0x10000bd0       0x48 Libraries/BSP/LCD/bsp_lcd.o
 .bss           0x10000c18        0x0 Libraries/BSP/cpu_bsp.o
 .bss           0x10000c18        0x0 Libraries/BSP/bsp.o
 .bss           0x10000c18        0x0 Libraries/CM3/src/hw_timer.o
 .bss           0x10000c18        0x0 Libraries/CM3/src/core_cm3.o
 .bss           0x10000c18        0x0 Libraries/CM3/src/lpc17xx_nvic.o
 .bss           0x10000c18        0x0 Libraries/CM3/src/system_LPC17xx.o
 .bss           0x10000c18        0x8 Libraries/CM3/src/libnosys_gnu.o
                0x10000c18                __env
 .bss           0x10000c20        0x0 Libraries/CM3/src/NVICInit.o
 .bss           0x10000c20        0x0 Libraries/uC-LIB/lib_math.o
 .bss           0x10000c20        0x0 Libraries/uC-LIB/lib_ascii.o
 .bss           0x10000c20        0x0 Libraries/uC-LIB/lib_str.o
 .bss           0x10000c20        0x0 Libraries/uC-LIB/lib_mem.o
 .bss           0x10000c20        0x0 Libraries/uC-OSIII/os_prio.o
 .bss           0x10000c20        0x0 Libraries/uC-OSIII/os_tmr.o
 .bss           0x10000c20        0x0 Libraries/uC-OSIII/os_var.o
 .bss           0x10000c20        0x0 Libraries/uC-OSIII/os_pend_multi.o
 .bss           0x10000c20        0x0 Libraries/uC-OSIII/os_task.o
 .bss           0x10000c20        0x0 Libraries/uC-OSIII/os_time.o
 .bss           0x10000c20        0x0 Libraries/uC-OSIII/os_sem.o
 .bss           0x10000c20        0x0 Libraries/uC-OSIII/os_flag.o
 .bss           0x10000c20        0x0 Libraries/uC-OSIII/os_stat.o
 .bss           0x10000c20        0x0 Libraries/uC-OSIII/os_cfg_app.o
 .bss           0x10000c20        0x0 Libraries/uC-OSIII/os_mutex.o
 .bss           0x10000c20        0x0 Libraries/uC-OSIII/os_q.o
 .bss           0x10000c20        0x0 Libraries/uC-OSIII/os_dbg.o
 .bss           0x10000c20        0x0 Libraries/uC-OSIII/os_core.o
 .bss           0x10000c20        0x0 Libraries/uC-OSIII/os_tick.o
 .bss           0x10000c20        0x0 Libraries/uC-OSIII/os_msg.o
 .bss           0x10000c20        0x0 Libraries/uC-OSIII/os_mem.o
 .bss           0x10000c20        0x0 Libraries/uC-OSIII/os_int.o
 .bss           0x10000c20        0x0 Libraries/CFG/os_app_hooks.o
 .bss           0x10000c20        0x0 Libraries/serial_lite/os_serial_lite.o
 .bss           0x10000c20        0x0 Libraries/uC-CSP/os_csp.o
 .bss           0x10000c20        0x0 Libraries/uC-CSP/csp.o
 .bss           0x10000c20        0x0 Libraries/uC-CSP/LPC17xx/lpc17xx_clkpwr.o
 .bss           0x10000c20        0x0 Libraries/uC-CSP/LPC17xx/csp_gpio.o
 .bss           0x10000c20        0x0 Libraries/uC-CSP/LPC17xx/csp_tmr.o
 .bss           0x10000c20        0x0 Libraries/uC-CSP/LPC17xx/lpc17xx_pinsel.o
 .bss           0x10000c20        0x0 Libraries/uC-CSP/LPC17xx/lpc17xx_gpio.o
 .bss           0x10000c20     0x2a68 Libraries/uC-CSP/LPC17xx/lpc17xx_emac.o
 .bss           0x10003688        0x0 Libraries/uC-CSP/LPC17xx/lpc17xx_uart.o
 .bss           0x10003688        0x0 Libraries/uC-CSP/LPC17xx/lpc17xx_ssp.o
 .bss           0x10003688      0x230 Libraries/uC-CSP/LPC17xx/csp_int.o
 .bss           0x100038b8        0x0 Libraries/uC-CSP/LPC17xx/csp_pm.o
 .bss           0x100038b8       0x60 Libraries/uC-CSP/LPC17xx/csp_dma.o
 .bss           0x10003918        0x0 Libraries/uC-CSP/LPC17xx/USB/src/intenable.o
 .bss           0x10003918       0x34 Libraries/uC-CSP/LPC17xx/USB/src/usbcontrol.o
 .bss           0x1000394c       0x48 Libraries/uC-CSP/LPC17xx/USB/src/usbhw_lpc.o
 .bss           0x10003994        0x8 Libraries/uC-CSP/LPC17xx/USB/src/usbinit.o
 .bss           0x1000399c        0x0 Libraries/uC-CSP/LPC17xx/USB/src/usblibs.o
 .bss           0x1000399c        0xc Libraries/uC-CSP/LPC17xx/USB/src/usbstdreq.o
 .bss           0x100039a8        0x0 Libraries/CM3/src/startup_LPC17xx.o
 .bss           0x100039a8        0x0 Libraries/uC-CPU/cpu_a.o
 .bss           0x100039a8        0x0 Libraries/uC-CPU/os_cpu_a.o
 .bss           0x100039a8        0x0 /home/wimma/bin/codesourcery/Sourcery_CodeBench_Lite_for_ARM_EABI/bin/../lib/gcc/arm-none-eabi/4.6.3/thumb2/libgcc.a(_aeabi_uldivmod.o)
 .bss           0x100039a8        0x0 /home/wimma/bin/codesourcery/Sourcery_CodeBench_Lite_for_ARM_EABI/bin/../lib/gcc/arm-none-eabi/4.6.3/thumb2/libgcc.a(bpabi.o)
 .bss           0x100039a8        0x0 /home/wimma/bin/codesourcery/Sourcery_CodeBench_Lite_for_ARM_EABI/bin/../lib/gcc/arm-none-eabi/4.6.3/thumb2/libgcc.a(_dvmd_tls.o)
 .bss           0x100039a8        0x0 /home/wimma/bin/codesourcery/Sourcery_CodeBench_Lite_for_ARM_EABI/bin/../lib/gcc/arm-none-eabi/4.6.3/thumb2/libgcc.a(_divdi3.o)
 .bss           0x100039a8        0x0 /home/wimma/bin/codesourcery/Sourcery_CodeBench_Lite_for_ARM_EABI/bin/../lib/gcc/arm-none-eabi/4.6.3/thumb2/libgcc.a(_udivdi3.o)
 .bss           0x100039a8        0x0 /home/wimma/bin/codesourcery/Sourcery_CodeBench_Lite_for_ARM_EABI/bin/../lib/gcc/arm-none-eabi/4.6.3/thumb2/libgcc.a(_udivsi3.o)
 .bss           0x100039a8        0x0 /home/wimma/bin/codesourcery/Sourcery_CodeBench_Lite_for_ARM_EABI/bin/../lib/gcc/arm-none-eabi/4.6.3/../../../../arm-none-eabi/lib/thumb2/libc.a(lib_a-reent.o)
 .bss           0x100039a8        0x0 /home/wimma/bin/codesourcery/Sourcery_CodeBench_Lite_for_ARM_EABI/bin/../lib/gcc/arm-none-eabi/4.6.3/../../../../arm-none-eabi/lib/thumb2/libc.a(lib_a-strcpy.o)
 .bss           0x100039a8        0x0 /home/wimma/bin/codesourcery/Sourcery_CodeBench_Lite_for_ARM_EABI/bin/../lib/gcc/arm-none-eabi/4.6.3/../../../../arm-none-eabi/lib/thumb2/libc.a(lib_a-strlen.o)
 .bss           0x100039a8        0x0 /home/wimma/bin/codesourcery/Sourcery_CodeBench_Lite_for_ARM_EABI/bin/../lib/gcc/arm-none-eabi/4.6.3/../../../../arm-none-eabi/lib/thumb2/libc.a(lib_a-freer.o)
 .bss           0x100039a8        0x0 /home/wimma/bin/codesourcery/Sourcery_CodeBench_Lite_for_ARM_EABI/bin/../lib/gcc/arm-none-eabi/4.6.3/../../../../arm-none-eabi/lib/thumb2/libc.a(lib_a-impure.o)
 .bss           0x100039a8       0x34 /home/wimma/bin/codesourcery/Sourcery_CodeBench_Lite_for_ARM_EABI/bin/../lib/gcc/arm-none-eabi/4.6.3/../../../../arm-none-eabi/lib/thumb2/libc.a(lib_a-mallocr.o)
                0x100039a8                __malloc_top_pad
                0x100039ac                __malloc_current_mallinfo
                0x100039d4                __malloc_max_sbrked_mem
                0x100039d8                __malloc_max_total_mem
 .bss           0x100039dc        0x0 /home/wimma/bin/codesourcery/Sourcery_CodeBench_Lite_for_ARM_EABI/bin/../lib/gcc/arm-none-eabi/4.6.3/../../../../arm-none-eabi/lib/thumb2/libc.a(lib_a-mlock.o)
 .bss           0x100039dc        0x0 /home/wimma/bin/codesourcery/Sourcery_CodeBench_Lite_for_ARM_EABI/bin/../lib/gcc/arm-none-eabi/4.6.3/../../../../arm-none-eabi/lib/thumb2/libc.a(lib_a-sbrkr.o)
 *(COMMON)
 COMMON         0x100039dc      0x2e8 usb_app.o
                0x100039dc                com_context
                0x100039ec                BulkInSize
                0x100039f0                abBulkOutBuf
                0x10003b58                BulkOutSize
                0x10003b5c                abBulkInBuf
 COMMON         0x10003cc4        0x4 Libraries/uC-CPU/os_cpu_c.o
                0x10003cc4                OS_CPU_ExceptStkBase
 COMMON         0x10003cc8       0x30 Libraries/uC-CPU/cpu_core.o
                0x10003cc8                CPU_IntDisMeasMax_cnts
                0x10003ccc                CPU_TS_TmrFreq_Hz
                0x10003cd0                CPU_IntDisMeasStart_cnts
                0x10003cd4                CPU_IntDisNestCtr
                0x10003cd8                CPU_IntDisMeasStop_cnts
                0x10003cdc                CPU_IntDisMeasMaxCur_cnts
                0x10003ce0                CPU_IntDisMeasCtr
                0x10003ce4                CPU_IntDisMeasOvrhd_cnts
                0x10003ce8                CPU_Name
 COMMON         0x10003cf8        0x4 Libraries/uC-LIB/lib_math.o
                0x10003cf8                Math_RandSeedCur
 COMMON         0x10003cfc       0x48 Libraries/uC-LIB/lib_mem.o
                0x10003cfc                Mem_PoolHeap
                0x10003d40                Mem_PoolTbl
 COMMON         0x10003d44        0x8 Libraries/uC-OSIII/os_prio.o
                0x10003d44                OSPrioTbl
 *fill*         0x10003d4c        0x4 00
 COMMON         0x10003d50      0x7f4 Libraries/uC-OSIII/os_var.o
                0x10003d50                OSSchedLockNestingCtr
                0x10003d54                OS_AppTaskReturnHookPtr
                0x10003d58                OSStatTaskTimeMax
                0x10003d5c                OSStatTaskCtr
                0x10003d60                OSRunning
                0x10003d64                OSRdyList
                0x10004064                OSIntQInPtr
                0x10004068                OSPrioHighRdy
                0x10004069                OSStatTaskRdy
                0x1000406c                OSSemDbgListPtr
                0x10004070                OSIntQMaxNbrEntries
                0x10004074                OS_AppTaskCreateHookPtr
                0x10004078                OSPrioCur
                0x10004080                OSTickTaskTCB
                0x10004150                OSIntQTaskTimeMax
                0x10004154                OSTmrTickCtr
                0x10004158                OSSchedLockTimeBegin
                0x1000415c                OSTCBCurPtr
                0x10004160                OSQQty
                0x10004162                OSPrioSaved
                0x10004164                OSTCBHighRdyPtr
                0x10004168                OSSchedLockTimeMaxCur
                0x1000416c                OSTaskDbgListPtr
                0x10004170                OSTmrTaskTimeMax
                0x10004174                OS_AppTaskDelHookPtr
                0x10004178                OS_AppTimeTickHookPtr
                0x1000417c                OSTaskCtxSwCtr
                0x10004180                OSStatTaskCPUUsage
                0x10004181                OSIntNestingCtr
                0x10004182                OSTaskQty
                0x10004188                OSTmrTaskTCB
                0x10004258                OSMsgPool
                0x10004260                OSIntQOutPtr
                0x10004268                OSIdleTaskTCB
                0x10004338                OSQDbgListPtr
                0x10004340                OSIntQTaskTCB
                0x10004410                OSSemQty
                0x10004414                OSMemDbgListPtr
                0x10004418                OSSchedRoundRobinDfltTimeQuanta
                0x1000441c                OS_AppIdleTaskHookPtr
                0x10004420                OSStatTaskCtrMax